Archive member included to satisfy reference by file (symbol)

/home/alanvel/.pico-sdk/toolchain/14_2_Rel1/bin/../lib/gcc/arm-none-eabi/14.2.1/thumb/v6-m/nofp/libgcc.a(_dvmd_tls.o)
                              CMakeFiles/picow-hello-flash.dir/home/alanvel/.pico-sdk/sdk/2.1.1/src/rp2_common/pico_divider/divider_hardware.S.o (__aeabi_idiv0)
/home/alanvel/.pico-sdk/toolchain/14_2_Rel1/bin/../lib/gcc/arm-none-eabi/14.2.1/../../../../arm-none-eabi/lib/thumb/v6-m/nofp/libg.a(libc_a-calloc.o)
                              CMakeFiles/picow-hello-flash.dir/home/alanvel/.pico-sdk/sdk/2.1.1/src/rp2_common/pico_malloc/malloc.c.o (calloc)
/home/alanvel/.pico-sdk/toolchain/14_2_Rel1/bin/../lib/gcc/arm-none-eabi/14.2.1/../../../../arm-none-eabi/lib/thumb/v6-m/nofp/libg.a(libc_a-callocr.o)
                              /home/alanvel/.pico-sdk/toolchain/14_2_Rel1/bin/../lib/gcc/arm-none-eabi/14.2.1/../../../../arm-none-eabi/lib/thumb/v6-m/nofp/libg.a(libc_a-calloc.o) (_calloc_r)
/home/alanvel/.pico-sdk/toolchain/14_2_Rel1/bin/../lib/gcc/arm-none-eabi/14.2.1/../../../../arm-none-eabi/lib/thumb/v6-m/nofp/libg.a(libc_a-malloc.o)
                              CMakeFiles/picow-hello-flash.dir/home/alanvel/.pico-sdk/sdk/2.1.1/src/rp2_common/pico_malloc/malloc.c.o (malloc)
/home/alanvel/.pico-sdk/toolchain/14_2_Rel1/bin/../lib/gcc/arm-none-eabi/14.2.1/../../../../arm-none-eabi/lib/thumb/v6-m/nofp/libg.a(libc_a-mallocr.o)
                              /home/alanvel/.pico-sdk/toolchain/14_2_Rel1/bin/../lib/gcc/arm-none-eabi/14.2.1/../../../../arm-none-eabi/lib/thumb/v6-m/nofp/libg.a(libc_a-callocr.o) (_malloc_r)
/home/alanvel/.pico-sdk/toolchain/14_2_Rel1/bin/../lib/gcc/arm-none-eabi/14.2.1/../../../../arm-none-eabi/lib/thumb/v6-m/nofp/libg.a(libc_a-mlock.o)
                              /home/alanvel/.pico-sdk/toolchain/14_2_Rel1/bin/../lib/gcc/arm-none-eabi/14.2.1/../../../../arm-none-eabi/lib/thumb/v6-m/nofp/libg.a(libc_a-mallocr.o) (__malloc_lock)
/home/alanvel/.pico-sdk/toolchain/14_2_Rel1/bin/../lib/gcc/arm-none-eabi/14.2.1/../../../../arm-none-eabi/lib/thumb/v6-m/nofp/libg.a(libc_a-realloc.o)
                              CMakeFiles/picow-hello-flash.dir/home/alanvel/.pico-sdk/sdk/2.1.1/src/rp2_common/pico_malloc/malloc.c.o (realloc)
/home/alanvel/.pico-sdk/toolchain/14_2_Rel1/bin/../lib/gcc/arm-none-eabi/14.2.1/../../../../arm-none-eabi/lib/thumb/v6-m/nofp/libg.a(libc_a-reallocr.o)
                              /home/alanvel/.pico-sdk/toolchain/14_2_Rel1/bin/../lib/gcc/arm-none-eabi/14.2.1/../../../../arm-none-eabi/lib/thumb/v6-m/nofp/libg.a(libc_a-realloc.o) (_realloc_r)
/home/alanvel/.pico-sdk/toolchain/14_2_Rel1/bin/../lib/gcc/arm-none-eabi/14.2.1/../../../../arm-none-eabi/lib/thumb/v6-m/nofp/libg.a(libc_a-memcmp.o)
                              CMakeFiles/picow-hello-flash.dir/home/alanvel/.pico-sdk/sdk/2.1.1/src/rp2_common/pico_atomic/atomic.c.o (memcmp)
/home/alanvel/.pico-sdk/toolchain/14_2_Rel1/bin/../lib/gcc/arm-none-eabi/14.2.1/../../../../arm-none-eabi/lib/thumb/v6-m/nofp/libg.a(libc_a-memmove.o)
                              CMakeFiles/picow-hello-flash.dir/home/alanvel/.pico-sdk/sdk/2.1.1/lib/cyw43-driver/src/cyw43_ll.c.o (memmove)
/home/alanvel/.pico-sdk/toolchain/14_2_Rel1/bin/../lib/gcc/arm-none-eabi/14.2.1/../../../../arm-none-eabi/lib/thumb/v6-m/nofp/libg.a(libc_a-strncmp.o)
                              CMakeFiles/picow-hello-flash.dir/home/alanvel/.pico-sdk/sdk/2.1.1/lib/cyw43-driver/src/cyw43_ll.c.o (strncmp)
/home/alanvel/.pico-sdk/toolchain/14_2_Rel1/bin/../lib/gcc/arm-none-eabi/14.2.1/../../../../arm-none-eabi/lib/thumb/v6-m/nofp/libg.a(libc_a-lcltime_r.o)
                              CMakeFiles/picow-hello-flash.dir/home/alanvel/.pico-sdk/sdk/2.1.1/src/common/pico_util/datetime.c.o (localtime_r)
/home/alanvel/.pico-sdk/toolchain/14_2_Rel1/bin/../lib/gcc/arm-none-eabi/14.2.1/../../../../arm-none-eabi/lib/thumb/v6-m/nofp/libg.a(libc_a-mktime.o)
                              CMakeFiles/picow-hello-flash.dir/home/alanvel/.pico-sdk/sdk/2.1.1/src/common/pico_util/datetime.c.o (mktime)
/home/alanvel/.pico-sdk/toolchain/14_2_Rel1/bin/../lib/gcc/arm-none-eabi/14.2.1/../../../../arm-none-eabi/lib/thumb/v6-m/nofp/libg.a(libc_a-month_lengths.o)
                              /home/alanvel/.pico-sdk/toolchain/14_2_Rel1/bin/../lib/gcc/arm-none-eabi/14.2.1/../../../../arm-none-eabi/lib/thumb/v6-m/nofp/libg.a(libc_a-lcltime_r.o) (__month_lengths)
/home/alanvel/.pico-sdk/toolchain/14_2_Rel1/bin/../lib/gcc/arm-none-eabi/14.2.1/../../../../arm-none-eabi/lib/thumb/v6-m/nofp/libg.a(libc_a-tzcalc_limits.o)
                              /home/alanvel/.pico-sdk/toolchain/14_2_Rel1/bin/../lib/gcc/arm-none-eabi/14.2.1/../../../../arm-none-eabi/lib/thumb/v6-m/nofp/libg.a(libc_a-lcltime_r.o) (__tzcalc_limits)
/home/alanvel/.pico-sdk/toolchain/14_2_Rel1/bin/../lib/gcc/arm-none-eabi/14.2.1/../../../../arm-none-eabi/lib/thumb/v6-m/nofp/libg.a(libc_a-tzlock.o)
[...]
Memory Configuration

Name             Origin             Length             Attributes
FLASH            0x10000000         0x00200000         xr
RAM              0x20000000         0x00040000         xrw
SCRATCH_X        0x20040000         0x00001000         xrw
SCRATCH_Y        0x20041000         0x00001000         xrw
*default*        0x00000000         0xffffffff

Linker script and memory map

LOAD /home/alanvel/.pico-sdk/toolchain/14_2_Rel1/bin/../lib/gcc/arm-none-eabi/14.2.1/thumb/v6-m/nofp/crti.o
LOAD /home/alanvel/.pico-sdk/toolchain/14_2_Rel1/bin/../lib/gcc/arm-none-eabi/14.2.1/thumb/v6-m/nofp/crtbegin.o
LOAD /home/alanvel/.pico-sdk/toolchain/14_2_Rel1/bin/../lib/gcc/arm-none-eabi/14.2.1/../../../../arm-none-eabi/lib/thumb/v6-m/nofp/crt0.o

.flash_begin    0x10000000        0x0
                0x10000000                        __flash_binary_start = .

.boot2          0x10000000      0x100
                0x10000000                        __boot2_start__ = .
 *(.boot2)
 .boot2         0x10000000      0x100 pico-sdk/src/rp2040/boot_stage2/CMakeFiles/bs2_default_library.dir/./bs2_default_padded_checksummed.S.o
                0x10000100                        __boot2_end__ = .
                0x00000001                        ASSERT (((__boot2_end__ - __boot2_start__) == 0x100), ERROR: Pico second stage bootloader must be 256 bytes in size)

.text           0x10000100     0x3d84
                0x10000100                        __logical_binary_start = .
 *(.vectors)
 .vectors       0x10000100       0xd4 CMakeFiles/picow-hello-flash.dir/home/alanvel/.pico-sdk/sdk/2.1.1/src/rp2_common/pico_crt0/crt0.S.o
                0x10000100                __vectors
                0x10000100                __VECTOR_TABLE
                0x100001c0                isr_invalid
                0x100001c0                __default_isrs_start
                0x100001c2                isr_nmi
                0x100001c4                isr_hardfault
                0x100001c6                isr_svcall
                0x100001c8                isr_pendsv
                0x100001ca                isr_systick
                0x100001cc                isr_irq30
                0x100001cc                __unhandled_user_irq
                0x100001cc                isr_irq13
                0x100001cc                isr_irq27
                0x100001cc                isr_irq31
                0x100001cc                isr_irq5
                0x100001cc                isr_irq11
                0x100001cc                isr_irq23
                0x100001cc                isr_irq18
                0x100001cc                isr_irq28
                0x100001cc                isr_irq19
                0x100001cc                isr_irq0
                0x100001cc                isr_irq6
                0x100001cc                isr_irq22
                0x100001cc                isr_irq17
                0x100001cc                isr_irq14
                0x100001cc                isr_irq2
                0x100001cc                isr_irq10
                0x100001cc                isr_irq8
                0x100001cc                isr_irq24
                0x100001cc                isr_irq1
                0x100001cc                isr_irq7
                0x100001cc                isr_irq21
                0x100001cc                isr_irq20
                0x100001cc                isr_irq15
                0x100001cc                isr_irq25
                0x100001cc                isr_irq4
                0x100001cc                isr_irq16
                0x100001cc                isr_irq29
                0x100001cc                isr_irq26
                0x100001cc                __default_isrs_end
                0x100001cc                isr_irq3
                0x100001cc                isr_irq12
                0x100001cc                isr_irq9
                0x100001d2                unhandled_user_irq_num_in_r0
 *(.binary_info_header)
 .binary_info_header
                0x100001d4       0x14 CMakeFiles/picow-hello-flash.dir/home/alanvel/.pico-sdk/sdk/2.1.1/src/rp2_common/pico_crt0/crt0.S.o
                0x100001e8                        __binary_info_header_end = .
 *(.embedded_block)
                0x100001e8                        __embedded_block_end = .
 *(.reset)
 .reset         0x100001e8       0x9c CMakeFiles/picow-hello-flash.dir/home/alanvel/.pico-sdk/sdk/2.1.1/src/rp2_common/pico_crt0/crt0.S.o
                0x100001e8                _entry_point
 *(.init)
 .init          0x10000284        0x4 /home/alanvel/.pico-sdk/toolchain/14_2_Rel1/bin/../lib/gcc/arm-none-eabi/14.2.1/thumb/v6-m/nofp/crti.o
                0x10000284                _init
 *(EXCLUDE_FILE(*libm.a: *libc.a:*lib_a-mem*.o *libgcc.a:) .text*)
 .text.register_tm_clones
                0x10000288       0x28 /home/alanvel/.pico-sdk/toolchain/14_2_Rel1/bin/../lib/gcc/arm-none-eabi/14.2.1/thumb/v6-m/nofp/crtbegin.o
 .text.frame_dummy
                0x100002b0       0x24 /home/alanvel/.pico-sdk/toolchain/14_2_Rel1/bin/../lib/gcc/arm-none-eabi/14.2.1/thumb/v6-m/nofp/crtbegin.o
 .text.save_variable
                0x100002d4       0x48 CMakeFiles/picow-hello-flash.dir/picow-hello-flash.c.o
                0x100002d4                save_variable
 .text.startup.main
                0x1000031c       0x78 CMakeFiles/picow-hello-flash.dir/picow-hello-flash.c.o
                0x1000031c                main
 .text.gpio_set_function
                0x10000394       0x34 CMakeFiles/picow-hello-flash.dir/home/alanvel/.pico-sdk/sdk/2.1.1/src/rp2_common/hardware_gpio/gpio.c.o
                0x10000394                gpio_set_function
 .text.panic    0x100003c8       0x30 CMakeFiles/picow-hello-flash.dir/home/alanvel/.pico-sdk/sdk/2.1.1/src/rp2_common/pico_platform_panic/panic.c.o
                0x100003c8                panic
 .text.hw_claim_or_assert
                0x100003f8       0x44 CMakeFiles/picow-hello-flash.dir/home/alanvel/.pico-sdk/sdk/2.1.1/src/common/hardware_claim/claim.c.o
                0x100003f8                hw_claim_or_assert
 .text.next_striped_spin_lock_num
                0x1000043c       0x18 CMakeFiles/picow-hello-flash.dir/home/alanvel/.pico-sdk/sdk/2.1.1/src/rp2_common/hardware_sync/sync.c.o
                0x1000043c                next_striped_spin_lock_num
 .text.spin_locks_reset
                0x10000454       0x1c CMakeFiles/picow-hello-flash.dir/home/alanvel/.pico-sdk/sdk/2.1.1/src/rp2_common/hardware_sync_spin_lock/sync_spin_lock.c.o
                0x10000454                spin_locks_reset
 .text.runtime_init_per_core_irq_priorities
                0x10000470       0x24 CMakeFiles/picow-hello-flash.dir/home/alanvel/.pico-sdk/sdk/2.1.1/src/rp2_common/hardware_irq/irq.c.o
                0x10000470                runtime_init_per_core_irq_priorities
 .text.irq_set_enabled
                0x10000494       0x24 CMakeFiles/picow-hello-flash.dir/home/alanvel/.pico-sdk/sdk/2.1.1/src/rp2_common/hardware_irq/irq.c.o
                0x10000494                irq_set_enabled
 .text.irq_set_exclusive_handler
                0x100004b8       0x54 CMakeFiles/picow-hello-flash.dir/home/alanvel/.pico-sdk/sdk/2.1.1/src/rp2_common/hardware_irq/irq.c.o
                0x100004b8                irq_set_exclusive_handler
 .text.irq_remove_handler
                0x1000050c      0x1d4 CMakeFiles/picow-hello-flash.dir/home/alanvel/.pico-sdk/sdk/2.1.1/src/rp2_common/hardware_irq/irq.c.o
                0x1000050c                irq_remove_handler
 .text.irq_add_tail_to_free_list
                0x100006e0       0xb4 CMakeFiles/picow-hello-flash.dir/home/alanvel/.pico-sdk/sdk/2.1.1/src/rp2_common/hardware_irq/irq.c.o
                0x100006e0                irq_add_tail_to_free_list
 .text.lock_init
                0x10000794       0x10 CMakeFiles/picow-hello-flash.dir/home/alanvel/.pico-sdk/sdk/2.1.1/src/common/pico_sync/lock_core.c.o
                0x10000794                lock_init
 .text.runtime_init_mutex
                0x100007a4       0x50 CMakeFiles/picow-hello-flash.dir/home/alanvel/.pico-sdk/sdk/2.1.1/src/common/pico_sync/mutex.c.o
                0x100007a4                runtime_init_mutex
 .text.sleep_until_callback
                0x100007f4       0x30 CMakeFiles/picow-hello-flash.dir/home/alanvel/.pico-sdk/sdk/2.1.1/src/common/pico_time/time.c.o
 .text.alarm_pool_irq_handler
                0x10000824      0x300 CMakeFiles/picow-hello-flash.dir/home/alanvel/.pico-sdk/sdk/2.1.1/src/common/pico_time/time.c.o
 .text.runtime_init_default_alarm_pool
                0x10000b24       0xdc CMakeFiles/picow-hello-flash.dir/home/alanvel/.pico-sdk/sdk/2.1.1/src/common/pico_time/time.c.o
                0x10000b24                runtime_init_default_alarm_pool
 .text.alarm_pool_add_alarm_at_force_in_context
                0x10000c00       0xb0 CMakeFiles/picow-hello-flash.dir/home/alanvel/.pico-sdk/sdk/2.1.1/src/common/pico_time/time.c.o
                0x10000c00                alarm_pool_add_alarm_at_force_in_context
 .text.alarm_pool_cancel_alarm
                0x10000cb0       0x74 CMakeFiles/picow-hello-flash.dir/home/alanvel/.pico-sdk/sdk/2.1.1/src/common/pico_time/time.c.o
                0x10000cb0                alarm_pool_cancel_alarm
 .text.sleep_ms
                0x10000d24       0xfc CMakeFiles/picow-hello-flash.dir/home/alanvel/.pico-sdk/sdk/2.1.1/src/common/pico_time/time.c.o
                0x10000d24                sleep_ms
 .text.best_effort_wfe_or_timeout
                0x10000e20      0x10c CMakeFiles/picow-hello-flash.dir/home/alanvel/.pico-sdk/sdk/2.1.1/src/common/pico_time/time.c.o
                0x10000e20                best_effort_wfe_or_timeout
 .text.timer_hardware_alarm_claim
                0x10000f2c       0x14 CMakeFiles/picow-hello-flash.dir/home/alanvel/.pico-sdk/sdk/2.1.1/src/rp2_common/hardware_timer/timer.c.o
                0x10000f2c                timer_hardware_alarm_claim
 .text.timer_time_us_64
                0x10000f40       0x10 CMakeFiles/picow-hello-flash.dir/home/alanvel/.pico-sdk/sdk/2.1.1/src/rp2_common/hardware_timer/timer.c.o
                0x10000f40                timer_time_us_64
 .text.time_us_64
                0x10000f50       0x14 CMakeFiles/picow-hello-flash.dir/home/alanvel/.pico-sdk/sdk/2.1.1/src/rp2_common/hardware_timer/timer.c.o
                0x10000f50                time_us_64
 .text.busy_wait_us
                0x10000f64       0x68 CMakeFiles/picow-hello-flash.dir/home/alanvel/.pico-sdk/sdk/2.1.1/src/rp2_common/hardware_timer/timer.c.o
                0x10000f64                busy_wait_us
 .text.busy_wait_until
                0x10000fcc       0x20 CMakeFiles/picow-hello-flash.dir/home/alanvel/.pico-sdk/sdk/2.1.1/src/rp2_common/hardware_timer/timer.c.o
                0x10000fcc                busy_wait_until
 .text.uart_init
                0x10000fec      0x120 CMakeFiles/picow-hello-flash.dir/home/alanvel/.pico-sdk/sdk/2.1.1/src/rp2_common/hardware_uart/uart.c.o
                0x10000fec                uart_init
 .text.clock_configure_int_divider
                0x1000110c       0xf4 CMakeFiles/picow-hello-flash.dir/home/alanvel/.pico-sdk/sdk/2.1.1/src/rp2_common/hardware_clocks/clocks.c.o
                0x1000110c                clock_configure_int_divider
 .text.clock_configure_undivided
                0x10001200       0xe8 CMakeFiles/picow-hello-flash.dir/home/alanvel/.pico-sdk/sdk/2.1.1/src/rp2_common/hardware_clocks/clocks.c.o
                0x10001200                clock_configure_undivided
 .text.clock_get_hz
                0x100012e8        0xc CMakeFiles/picow-hello-flash.dir/home/alanvel/.pico-sdk/sdk/2.1.1/src/rp2_common/hardware_clocks/clocks.c.o
                0x100012e8                clock_get_hz
 .text.pll_init
                0x100012f4       0xa4 CMakeFiles/picow-hello-flash.dir/home/alanvel/.pico-sdk/sdk/2.1.1/src/rp2_common/hardware_pll/pll.c.o
                0x100012f4                pll_init
 .text.tick_start
                0x10001398       0x10 CMakeFiles/picow-hello-flash.dir/home/alanvel/.pico-sdk/sdk/2.1.1/src/rp2_common/hardware_ticks/ticks.c.o
                0x10001398                tick_start
 .text.rom_func_lookup
                0x100013a8       0x10 CMakeFiles/picow-hello-flash.dir/home/alanvel/.pico-sdk/sdk/2.1.1/src/rp2_common/pico_bootrom/bootrom.c.o
                0x100013a8                rom_func_lookup
 .text.rom_data_lookup
                0x100013b8       0x10 CMakeFiles/picow-hello-flash.dir/home/alanvel/.pico-sdk/sdk/2.1.1/src/rp2_common/pico_bootrom/bootrom.c.o
                0x100013b8                rom_data_lookup
 .text.rom_funcs_lookup
                0x100013c8       0x44 CMakeFiles/picow-hello-flash.dir/home/alanvel/.pico-sdk/sdk/2.1.1/src/rp2_common/pico_bootrom/bootrom.c.o
                0x100013c8                rom_funcs_lookup
 .text.xosc_init
                0x1000140c       0x28 CMakeFiles/picow-hello-flash.dir/home/alanvel/.pico-sdk/sdk/2.1.1/src/rp2_common/hardware_xosc/xosc.c.o
                0x1000140c                xosc_init
 .text.first_per_core_initializer
                0x10001434        0x4 CMakeFiles/picow-hello-flash.dir/home/alanvel/.pico-sdk/sdk/2.1.1/src/rp2_common/pico_runtime/runtime.c.o
 .text.hard_assertion_failure
                0x10001438        0xc CMakeFiles/picow-hello-flash.dir/home/alanvel/.pico-sdk/sdk/2.1.1/src/rp2_common/pico_runtime/runtime.c.o
                0x10001438                hard_assertion_failure
 .text.runtime_run_initializers
                0x10001444       0x28 CMakeFiles/picow-hello-flash.dir/home/alanvel/.pico-sdk/sdk/2.1.1/src/rp2_common/pico_runtime/runtime.c.o
                0x10001444                runtime_run_initializers
 .text.runtime_init_early_resets
                0x1000146c       0x2c CMakeFiles/picow-hello-flash.dir/home/alanvel/.pico-sdk/sdk/2.1.1/src/rp2_common/pico_runtime_init/runtime_init.c.o
                0x1000146c                runtime_init_early_resets
 .text.runtime_init_usb_power_down
                0x10001498       0x1c CMakeFiles/picow-hello-flash.dir/home/alanvel/.pico-sdk/sdk/2.1.1/src/rp2_common/pico_runtime_init/runtime_init.c.o
                0x10001498                runtime_init_usb_power_down
 .text.runtime_init_post_clock_resets
                0x100014b4       0x20 CMakeFiles/picow-hello-flash.dir/home/alanvel/.pico-sdk/sdk/2.1.1/src/rp2_common/pico_runtime_init/runtime_init.c.o
                0x100014b4                runtime_init_post_clock_resets
 .text.runtime_init_rp2040_gpio_ie_disable
                0x100014d4       0x14 CMakeFiles/picow-hello-flash.dir/home/alanvel/.pico-sdk/sdk/2.1.1/src/rp2_common/pico_runtime_init/runtime_init.c.o
                0x100014d4                runtime_init_rp2040_gpio_ie_disable
 .text.runtime_init_spin_locks_reset
                0x100014e8        0x8 CMakeFiles/picow-hello-flash.dir/home/alanvel/.pico-sdk/sdk/2.1.1/src/rp2_common/pico_runtime_init/runtime_init.c.o
                0x100014e8                runtime_init_spin_locks_reset
 .text.runtime_init_install_ram_vector_table
                0x100014f0       0x1c CMakeFiles/picow-hello-flash.dir/home/alanvel/.pico-sdk/sdk/2.1.1/src/rp2_common/pico_runtime_init/runtime_init.c.o
                0x100014f0                runtime_init_install_ram_vector_table
 .text.runtime_init_clocks
                0x1000150c       0xd8 CMakeFiles/picow-hello-flash.dir/home/alanvel/.pico-sdk/sdk/2.1.1/src/rp2_common/pico_runtime_init/runtime_init_clocks.c.o
                0x1000150c                runtime_init_clocks
 .text          0x100015e4       0x10 CMakeFiles/picow-hello-flash.dir/home/alanvel/.pico-sdk/sdk/2.1.1/src/rp2_common/pico_bit_ops/bit_ops_aeabi.S.o
 .text.__wrap___aeabi_idiv
                0x100015f4       0x50 CMakeFiles/picow-hello-flash.dir/home/alanvel/.pico-sdk/sdk/2.1.1/src/rp2_common/pico_divider/divider_hardware.S.o
                0x100015f4                __wrap___aeabi_idivmod
                0x100015f4                divmod_s32s32
                0x100015f4                div_s32s32
                0x100015f4                __wrap___aeabi_idiv
                0x100015fc                divmod_s32s32_unsafe
                0x10001628                divmod_s32s32_savestate
 .text.__wrap___aeabi_uidiv
                0x10001644       0x4c CMakeFiles/picow-hello-flash.dir/home/alanvel/.pico-sdk/sdk/2.1.1/src/rp2_common/pico_divider/divider_hardware.S.o
                0x10001644                __wrap___aeabi_uidiv
                0x10001644                __wrap___aeabi_uidivmod
                0x10001644                div_u32u32
                0x10001644                divmod_u32u32
                0x1000164c                divmod_u32u32_unsafe
                0x10001674                divmod_u32u32_savestate
 .text.__wrap___aeabi_ldiv
                0x10001690      0x424 CMakeFiles/picow-hello-flash.dir/home/alanvel/.pico-sdk/sdk/2.1.1/src/rp2_common/pico_divider/divider_hardware.S.o
                0x10001690                div_s64s64
                0x10001690                divmod_s64s64
                0x10001690                __wrap___aeabi_ldivmod
                0x100016c0                div_u64u64
                0x100016c0                divmod_u64u64
                0x100016c0                __wrap___aeabi_uldivmod
                0x100016d0                divmod_u64u64_savestate
                0x100016f0                divmod_s64s64_unsafe
                0x10001778                divmod_u64u64_unsafe
 .text.__wrap___aeabi_darithmetic
                0x10001ab4       0x60 CMakeFiles/picow-hello-flash.dir/home/alanvel/.pico-sdk/sdk/2.1.1/src/rp2_common/pico_double/double_aeabi_rp2040.S.o
                0x10001ab4                __wrap___aeabi_drsub
                0x10001aba                __wrap___aeabi_dsub
                0x10001ac4                __wrap___aeabi_dadd
                0x10001ace                __wrap___aeabi_ddiv
                0x10001b02                __wrap___aeabi_dmul
 .text.__wrap___aeabi_cdcmple
                0x10001b14       0x6c CMakeFiles/picow-hello-flash.dir/home/alanvel/.pico-sdk/sdk/2.1.1/src/rp2_common/pico_double/double_aeabi_rp2040.S.o
                0x10001b14                __wrap___aeabi_cdrcmple
                0x10001b24                __wrap___aeabi_cdcmple
                0x10001b24                __wrap___aeabi_cdcmpeq
 .text.__wrap___aeabi_dcmplt
                0x10001b80        0xc CMakeFiles/picow-hello-flash.dir/home/alanvel/.pico-sdk/sdk/2.1.1/src/rp2_common/pico_double/double_aeabi_rp2040.S.o
                0x10001b80                __wrap___aeabi_dcmplt
 .text.__wrap___aeabi_dcmple
                0x10001b8c       0x10 CMakeFiles/picow-hello-flash.dir/home/alanvel/.pico-sdk/sdk/2.1.1/src/rp2_common/pico_double/double_aeabi_rp2040.S.o
                0x10001b8c                __wrap___aeabi_dcmple
 .text.__wrap___aeabi_dcmpge
                0x10001b9c       0x10 CMakeFiles/picow-hello-flash.dir/home/alanvel/.pico-sdk/sdk/2.1.1/src/rp2_common/pico_double/double_aeabi_rp2040.S.o
                0x10001b9c                __wrap___aeabi_dcmpge
 .text.__wrap___aeabi_dcmpgt
                0x10001bac        0xa CMakeFiles/picow-hello-flash.dir/home/alanvel/.pico-sdk/sdk/2.1.1/src/rp2_common/pico_double/double_aeabi_rp2040.S.o
                0x10001bac                __wrap___aeabi_dcmpgt
 .text.__wrap___aeabi_dcmpun
                0x10001bb6       0x18 CMakeFiles/picow-hello-flash.dir/home/alanvel/.pico-sdk/sdk/2.1.1/src/rp2_common/pico_double/double_aeabi_rp2040.S.o
                0x10001bb6                __wrap___aeabi_dcmpun
 *fill*         0x10001bce        0x2 
 .text.__wrap___aeabi_i2d
                0x10001bd0       0x38 CMakeFiles/picow-hello-flash.dir/home/alanvel/.pico-sdk/sdk/2.1.1/src/rp2_common/pico_double/double_aeabi_rp2040.S.o
                0x10001bd0                __wrap___aeabi_ui2d
                0x10001bd0                uint2double
                0x10001bd8                __wrap___aeabi_i2d
                0x10001bd8                int2double
 .text.__wrap___aeabi_d2iz
                0x10001c08       0x48 CMakeFiles/picow-hello-flash.dir/home/alanvel/.pico-sdk/sdk/2.1.1/src/rp2_common/pico_double/double_aeabi_rp2040.S.o
                0x10001c08                __wrap___aeabi_d2iz
                0x10001c08                double2int_z
 .text.__wrap___aeabi_d2uiz
                0x10001c50       0x10 CMakeFiles/picow-hello-flash.dir/home/alanvel/.pico-sdk/sdk/2.1.1/src/rp2_common/pico_double/double_aeabi_rp2040.S.o
                0x10001c50                double2uint_z
                0x10001c50                double2uint
                0x10001c50                __wrap___aeabi_d2uiz
 .text.missing_double_func_shim
                0x10001c60        0xc CMakeFiles/picow-hello-flash.dir/home/alanvel/.pico-sdk/sdk/2.1.1/src/rp2_common/pico_double/double_init_rom_rp2040.c.o
 .text.__aeabi_double_init
                0x10001c6c       0xa0 CMakeFiles/picow-hello-flash.dir/home/alanvel/.pico-sdk/sdk/2.1.1/src/rp2_common/pico_double/double_init_rom_rp2040.c.o
                0x10001c6c                __aeabi_double_init
 .text.double_table_shim_on_use_helper
                0x10001d0c       0x2c CMakeFiles/picow-hello-flash.dir/home/alanvel/.pico-sdk/sdk/2.1.1/src/rp2_common/pico_double/double_v1_rom_shim_rp2040.S.o
                0x10001d0c                double_table_shim_on_use_helper
 .text.__aeabi_lmul
                0x10001d38       0x32 CMakeFiles/picow-hello-flash.dir/home/alanvel/.pico-sdk/sdk/2.1.1/src/rp2_common/pico_int64_ops/pico_int64_ops_aeabi.S.o
                0x10001d38                __wrap___aeabi_lmul
 *fill*         0x10001d6a        0x2 
 .text.missing_float_func_shim
                0x10001d6c        0xc CMakeFiles/picow-hello-flash.dir/home/alanvel/.pico-sdk/sdk/2.1.1/src/rp2_common/pico_float/float_init_rom_rp2040.c.o
 .text.__aeabi_float_init
                0x10001d78       0x5c CMakeFiles/picow-hello-flash.dir/home/alanvel/.pico-sdk/sdk/2.1.1/src/rp2_common/pico_float/float_init_rom_rp2040.c.o
                0x10001d78                __aeabi_float_init
 .text          0x10001dd4       0x10 CMakeFiles/picow-hello-flash.dir/home/alanvel/.pico-sdk/sdk/2.1.1/src/rp2_common/pico_mem_ops/mem_ops_aeabi.S.o
                0x10001dd4                __aeabi_mem_init
 .text.memset   0x10001de4        0xc CMakeFiles/picow-hello-flash.dir/home/alanvel/.pico-sdk/sdk/2.1.1/src/rp2_common/pico_mem_ops/mem_ops_aeabi.S.o
                0x10001de4                __wrap_memset
 .text.memcpy   0x10001df0        0xc CMakeFiles/picow-hello-flash.dir/home/alanvel/.pico-sdk/sdk/2.1.1/src/rp2_common/pico_mem_ops/mem_ops_aeabi.S.o
                0x10001df0                __wrap___aeabi_memcpy
                0x10001df0                __wrap_memcpy
 .text._out_null
                0x10001dfc        0x4 CMakeFiles/picow-hello-flash.dir/home/alanvel/.pico-sdk/sdk/2.1.1/src/rp2_common/pico_printf/printf.c.o
 .text._out_rev
                0x10001e00       0xac CMakeFiles/picow-hello-flash.dir/home/alanvel/.pico-sdk/sdk/2.1.1/src/rp2_common/pico_printf/printf.c.o
 .text._ntoa_format
                0x10001eac      0x1cc CMakeFiles/picow-hello-flash.dir/home/alanvel/.pico-sdk/sdk/2.1.1/src/rp2_common/pico_printf/printf.c.o
 .text._out_char
                0x10002078       0x10 CMakeFiles/picow-hello-flash.dir/home/alanvel/.pico-sdk/sdk/2.1.1/src/rp2_common/pico_printf/printf.c.o
 .text._out_fct
                0x10002088       0x10 CMakeFiles/picow-hello-flash.dir/home/alanvel/.pico-sdk/sdk/2.1.1/src/rp2_common/pico_printf/printf.c.o
 .text._ftoa    0x10002098      0x4a8 CMakeFiles/picow-hello-flash.dir/home/alanvel/.pico-sdk/sdk/2.1.1/src/rp2_common/pico_printf/printf.c.o
 .text._etoa    0x10002540      0x57c CMakeFiles/picow-hello-flash.dir/home/alanvel/.pico-sdk/sdk/2.1.1/src/rp2_common/pico_printf/printf.c.o
 .text._vsnprintf
                0x10002abc      0xbe0 CMakeFiles/picow-hello-flash.dir/home/alanvel/.pico-sdk/sdk/2.1.1/src/rp2_common/pico_printf/printf.c.o
 .text.vfctprintf
                0x1000369c       0x24 CMakeFiles/picow-hello-flash.dir/home/alanvel/.pico-sdk/sdk/2.1.1/src/rp2_common/pico_printf/printf.c.o
                0x1000369c                vfctprintf
 .text.weak_raw_vprintf
                0x100036c0       0x30 CMakeFiles/picow-hello-flash.dir/home/alanvel/.pico-sdk/sdk/2.1.1/src/rp2_common/pico_printf/printf.c.o
                0x100036c0                weak_raw_vprintf
 .text._exit    0x100036f0        0x4 CMakeFiles/picow-hello-flash.dir/home/alanvel/.pico-sdk/sdk/2.1.1/src/rp2_common/pico_clib_interface/newlib_interface.c.o
                0x100036f0                _exit
 .text.exit     0x100036f4        0x8 CMakeFiles/picow-hello-flash.dir/home/alanvel/.pico-sdk/sdk/2.1.1/src/rp2_common/pico_clib_interface/newlib_interface.c.o
                0x100036f4                exit
 .text.runtime_init
                0x100036fc       0x2c CMakeFiles/picow-hello-flash.dir/home/alanvel/.pico-sdk/sdk/2.1.1/src/rp2_common/pico_clib_interface/newlib_interface.c.o
                0x100036fc                runtime_init
 .text.stdio_out_chars_no_crlf
                0x10003728       0x10 CMakeFiles/picow-hello-flash.dir/home/alanvel/.pico-sdk/sdk/2.1.1/src/rp2_common/pico_stdio/stdio.c.o
 .text.stdio_out_chars_crlf
                0x10003738       0xb0 CMakeFiles/picow-hello-flash.dir/home/alanvel/.pico-sdk/sdk/2.1.1/src/rp2_common/pico_stdio/stdio.c.o
 .text.stdio_buffered_printer
                0x100037e8       0x64 CMakeFiles/picow-hello-flash.dir/home/alanvel/.pico-sdk/sdk/2.1.1/src/rp2_common/pico_stdio/stdio.c.o
 .text.stdio_put_string
                0x1000384c       0xfc CMakeFiles/picow-hello-flash.dir/home/alanvel/.pico-sdk/sdk/2.1.1/src/rp2_common/pico_stdio/stdio.c.o
                0x1000384c                stdio_put_string
 .text.stdio_set_driver_enabled
                0x10003948       0x30 CMakeFiles/picow-hello-flash.dir/home/alanvel/.pico-sdk/sdk/2.1.1/src/rp2_common/pico_stdio/stdio.c.o
                0x10003948                stdio_set_driver_enabled
 .text.stdio_init_all
                0x10003978        0xc CMakeFiles/picow-hello-flash.dir/home/alanvel/.pico-sdk/sdk/2.1.1/src/rp2_common/pico_stdio/stdio.c.o
                0x10003978                stdio_init_all
 .text.__wrap_putchar
                0x10003984       0x94 CMakeFiles/picow-hello-flash.dir/home/alanvel/.pico-sdk/sdk/2.1.1/src/rp2_common/pico_stdio/stdio.c.o
                0x10003984                stdio_putchar
                0x10003984                __wrap_putchar
 .text.__wrap_puts
                0x10003a18       0x3c CMakeFiles/picow-hello-flash.dir/home/alanvel/.pico-sdk/sdk/2.1.1/src/rp2_common/pico_stdio/stdio.c.o
                0x10003a18                __wrap_puts
                0x10003a18                stdio_puts
 .text.__wrap_vprintf
                0x10003a54       0xcc CMakeFiles/picow-hello-flash.dir/home/alanvel/.pico-sdk/sdk/2.1.1/src/rp2_common/pico_stdio/stdio.c.o
                0x10003a54                __wrap_vprintf
                0x10003a54                stdio_vprintf
 .text.__wrap_printf
                0x10003b20       0x18 CMakeFiles/picow-hello-flash.dir/home/alanvel/.pico-sdk/sdk/2.1.1/src/rp2_common/pico_stdio/stdio.c.o
                0x10003b20                stdio_printf
                0x10003b20                __wrap_printf
 .text.stdio_uart_out_chars
                0x10003b38       0x4c CMakeFiles/picow-hello-flash.dir/home/alanvel/.pico-sdk/sdk/2.1.1/src/rp2_common/pico_stdio_uart/stdio_uart.c.o
 .text.stdio_uart_in_chars
                0x10003b84       0x90 CMakeFiles/picow-hello-flash.dir/home/alanvel/.pico-sdk/sdk/2.1.1/src/rp2_common/pico_stdio_uart/stdio_uart.c.o
                0x10003b84                stdio_uart_in_chars
 .text.on_uart_rx
                0x10003c14       0x28 CMakeFiles/picow-hello-flash.dir/home/alanvel/.pico-sdk/sdk/2.1.1/src/rp2_common/pico_stdio_uart/stdio_uart.c.o
 .text.stdio_uart_out_flush
                0x10003c3c       0x14 CMakeFiles/picow-hello-flash.dir/home/alanvel/.pico-sdk/sdk/2.1.1/src/rp2_common/pico_stdio_uart/stdio_uart.c.o
 .text.stdio_uart_set_chars_available_callback
                0x10003c50       0x84 CMakeFiles/picow-hello-flash.dir/home/alanvel/.pico-sdk/sdk/2.1.1/src/rp2_common/pico_stdio_uart/stdio_uart.c.o
 .text.stdio_uart_init
                0x10003cd4       0x50 CMakeFiles/picow-hello-flash.dir/home/alanvel/.pico-sdk/sdk/2.1.1/src/rp2_common/pico_stdio_uart/stdio_uart.c.o
                0x10003cd4                stdio_uart_init
 .text.startup._retrieve_unique_id_on_boot
                0x10003d24       0x10 CMakeFiles/picow-hello-flash.dir/home/alanvel/.pico-sdk/sdk/2.1.1/src/rp2_common/pico_unique_id/unique_id.c.o
 .text.flash_get_unique_id
                0x10003d34       0x3c CMakeFiles/picow-hello-flash.dir/home/alanvel/.pico-sdk/sdk/2.1.1/src/rp2_common/hardware_flash/flash.c.o
                0x10003d34                flash_get_unique_id
 .text.strlen   0x10003d70       0x5c /home/alanvel/.pico-sdk/toolchain/14_2_Rel1/bin/../lib/gcc/arm-none-eabi/14.2.1/../../../../arm-none-eabi/lib/thumb/v6-m/nofp/libg.a(libc_a-strlen-stub.o)
                0x10003d70                strlen
 *(.fini)
 .fini          0x10003dcc        0x4 /home/alanvel/.pico-sdk/toolchain/14_2_Rel1/bin/../lib/gcc/arm-none-eabi/14.2.1/thumb/v6-m/nofp/crti.o
                0x10003dcc                _fini
 .fini.__stub   0x10003dd0       0x70 linker stubs
 *crtbegin.o(.ctors)
 *crtbegin?.o(.ctors)
 *(EXCLUDE_FILE(*crtend.o *crtend?.o) .ctors)
 *(SORT_BY_NAME(.ctors.*))
 *(.ctors)
 *crtbegin.o(.dtors)
 *crtbegin?.o(.dtors)
 *(EXCLUDE_FILE(*crtend.o *crtend?.o) .dtors)
 *(SORT_BY_NAME(.dtors.*))
 *(.dtors)
                0x10003e40                        . = ALIGN (0x4)
                0x10003e40                        PROVIDE (__preinit_array_start = .)
 *(SORT_BY_NAME(.preinit_array.*))
 .preinit_array.00100
                0x10003e40        0x4 CMakeFiles/picow-hello-flash.dir/home/alanvel/.pico-sdk/sdk/2.1.1/src/rp2_common/pico_runtime_init/runtime_init.c.o
                0x10003e40                __pre_init_runtime_init_early_resets
 .preinit_array.00101
                0x10003e44        0x4 CMakeFiles/picow-hello-flash.dir/home/alanvel/.pico-sdk/sdk/2.1.1/src/rp2_common/pico_runtime_init/runtime_init.c.o
                0x10003e44                __pre_init_runtime_init_usb_power_down
 .preinit_array.00275
                0x10003e48        0x4 CMakeFiles/picow-hello-flash.dir/home/alanvel/.pico-sdk/sdk/2.1.1/src/rp2_common/pico_bit_ops/bit_ops_aeabi.S.o
 .preinit_array.00300
                0x10003e4c        0x4 CMakeFiles/picow-hello-flash.dir/home/alanvel/.pico-sdk/sdk/2.1.1/src/rp2_common/pico_mem_ops/mem_ops_aeabi.S.o
 .preinit_array.00350
                0x10003e50        0x4 CMakeFiles/picow-hello-flash.dir/home/alanvel/.pico-sdk/sdk/2.1.1/src/rp2_common/pico_double/double_aeabi_rp2040.S.o
 .preinit_array.00350
                0x10003e54        0x4 CMakeFiles/picow-hello-flash.dir/home/alanvel/.pico-sdk/sdk/2.1.1/src/rp2_common/pico_float/float_aeabi_rp2040.S.o
 .preinit_array.00500
                0x10003e58        0x4 CMakeFiles/picow-hello-flash.dir/home/alanvel/.pico-sdk/sdk/2.1.1/src/rp2_common/pico_runtime_init/runtime_init.c.o
                0x10003e58                __pre_init_runtime_init_clocks
 .preinit_array.00600
                0x10003e5c        0x4 CMakeFiles/picow-hello-flash.dir/home/alanvel/.pico-sdk/sdk/2.1.1/src/rp2_common/pico_runtime_init/runtime_init.c.o
                0x10003e5c                __pre_init_runtime_init_post_clock_resets
 .preinit_array.00700
                0x10003e60        0x4 CMakeFiles/picow-hello-flash.dir/home/alanvel/.pico-sdk/sdk/2.1.1/src/rp2_common/pico_runtime_init/runtime_init.c.o
                0x10003e60                __pre_init_runtime_init_rp2040_gpio_ie_disable
 .preinit_array.01000
                0x10003e64        0x4 CMakeFiles/picow-hello-flash.dir/home/alanvel/.pico-sdk/sdk/2.1.1/src/rp2_common/pico_runtime_init/runtime_init.c.o
                0x10003e64                __pre_init_runtime_init_spin_locks_reset
 .preinit_array.01100
                0x10003e68        0x4 CMakeFiles/picow-hello-flash.dir/home/alanvel/.pico-sdk/sdk/2.1.1/src/common/pico_sync/mutex.c.o
                0x10003e68                __pre_init_runtime_init_mutex
 .preinit_array.10080
                0x10003e6c        0x4 CMakeFiles/picow-hello-flash.dir/home/alanvel/.pico-sdk/sdk/2.1.1/src/rp2_common/pico_runtime_init/runtime_init.c.o
                0x10003e6c                __pre_init_runtime_init_install_ram_vector_table
 .preinit_array.11000
                0x10003e70        0x4 CMakeFiles/picow-hello-flash.dir/home/alanvel/.pico-sdk/sdk/2.1.1/src/common/pico_time/time.c.o
                0x10003e70                __pre_init_runtime_init_default_alarm_pool
 .preinit_array.YYYYY
                0x10003e74        0x4 CMakeFiles/picow-hello-flash.dir/home/alanvel/.pico-sdk/sdk/2.1.1/src/rp2_common/pico_runtime/runtime.c.o
                0x10003e74                __pre_init_first_per_core_initializer
 .preinit_array.ZZZZZ.01200
                0x10003e78        0x4 CMakeFiles/picow-hello-flash.dir/home/alanvel/.pico-sdk/sdk/2.1.1/src/rp2_common/hardware_irq/irq.c.o
                0x10003e78                __pre_init_runtime_init_per_core_irq_priorities
 *(.preinit_array)
                0x10003e7c                        PROVIDE (__preinit_array_end = .)
                0x10003e7c                        . = ALIGN (0x4)
                0x10003e7c                        PROVIDE (__init_array_start = .)
 *(SORT_BY_NAME(.init_array.*))
 *(.init_array)
 .init_array    0x10003e7c        0x4 /home/alanvel/.pico-sdk/toolchain/14_2_Rel1/bin/../lib/gcc/arm-none-eabi/14.2.1/thumb/v6-m/nofp/crtbegin.o
 .init_array    0x10003e80        0x4 CMakeFiles/picow-hello-flash.dir/home/alanvel/.pico-sdk/sdk/2.1.1/src/rp2_common/pico_unique_id/unique_id.c.o
                0x10003e84                        PROVIDE (__init_array_end = .)
                0x10003e84                        . = ALIGN (0x4)
                [!provide]                        PROVIDE (__fini_array_start = .)
 *(SORT_BY_NAME(.fini_array.*))
 *(.fini_array)
                [!provide]                        PROVIDE (__fini_array_end = .)
 *(.eh_frame*)
 .eh_frame      0x10003e84        0x0 /home/alanvel/.pico-sdk/toolchain/14_2_Rel1/bin/../lib/gcc/arm-none-eabi/14.2.1/thumb/v6-m/nofp/crtbegin.o
                0x10003e84                        . = ALIGN (0x4)

.glue_7         0x10003e84        0x0
 .glue_7        0x10003e84        0x0 linker stubs

.glue_7t        0x10003e84        0x0
 .glue_7t       0x10003e84        0x0 linker stubs

.vfp11_veneer   0x10003e84        0x0
 .vfp11_veneer  0x10003e84        0x0 linker stubs

.v4_bx          0x10003e84        0x0
 .v4_bx         0x10003e84        0x0 linker stubs

.iplt           0x10003e84        0x0
 .iplt          0x10003e84        0x0 /home/alanvel/.pico-sdk/toolchain/14_2_Rel1/bin/../lib/gcc/arm-none-eabi/14.2.1/thumb/v6-m/nofp/crtbegin.o

.rodata         0x10003e88      0x3b8
 *(EXCLUDE_FILE(*libm.a: *libc.a:*lib_a-mem*.o *libgcc.a:) .rodata*)
 .rodata.main.str1.4
                0x10003e88      0x14c CMakeFiles/picow-hello-flash.dir/picow-hello-flash.c.o
                                 0x62 (size before relaxing)
 .rodata.panic.str1.4
                0x10003fd4       0x12 CMakeFiles/picow-hello-flash.dir/home/alanvel/.pico-sdk/sdk/2.1.1/src/rp2_common/pico_platform_panic/panic.c.o
 .rodata.timer_hardware_alarm_claim.str1.4
                0x10003fd4       0x22 CMakeFiles/picow-hello-flash.dir/home/alanvel/.pico-sdk/sdk/2.1.1/src/rp2_common/hardware_timer/timer.c.o
 .rodata.hard_assertion_failure.str1.4
                0x10003fd4        0xc CMakeFiles/picow-hello-flash.dir/home/alanvel/.pico-sdk/sdk/2.1.1/src/rp2_common/pico_runtime/runtime.c.o
 .rodata.missing_double_func_shim.str1.4
                0x10003fd4       0x18 CMakeFiles/picow-hello-flash.dir/home/alanvel/.pico-sdk/sdk/2.1.1/src/rp2_common/pico_double/double_init_rom_rp2040.c.o
 .rodata.missing_float_func_shim.str1.4
                0x10003fd4        0x1 CMakeFiles/picow-hello-flash.dir/home/alanvel/.pico-sdk/sdk/2.1.1/src/rp2_common/pico_float/float_init_rom_rp2040.c.o
 .rodata.str1.4
                0x10003fd4       0x4c CMakeFiles/picow-hello-flash.dir/home/alanvel/.pico-sdk/sdk/2.1.1/src/rp2_common/pico_standard_binary_info/standard_binary_info.c.o
 .rodata.__bi_84
                0x10003fd4        0xc CMakeFiles/picow-hello-flash.dir/home/alanvel/.pico-sdk/sdk/2.1.1/src/rp2_common/pico_standard_binary_info/standard_binary_info.c.o
 .rodata.__bi_78
                0x10003fe0        0xc CMakeFiles/picow-hello-flash.dir/home/alanvel/.pico-sdk/sdk/2.1.1/src/rp2_common/pico_standard_binary_info/standard_binary_info.c.o
 .rodata.__bi_60
                0x10003fec        0xc CMakeFiles/picow-hello-flash.dir/home/alanvel/.pico-sdk/sdk/2.1.1/src/rp2_common/pico_standard_binary_info/standard_binary_info.c.o
 .rodata.__bi_54
                0x10003ff8        0xc CMakeFiles/picow-hello-flash.dir/home/alanvel/.pico-sdk/sdk/2.1.1/src/rp2_common/pico_standard_binary_info/standard_binary_info.c.o
 .rodata.__bi_48
                0x10004004        0xc CMakeFiles/picow-hello-flash.dir/home/alanvel/.pico-sdk/sdk/2.1.1/src/rp2_common/pico_standard_binary_info/standard_binary_info.c.o
 .rodata.__bi_42
                0x10004010        0xc CMakeFiles/picow-hello-flash.dir/home/alanvel/.pico-sdk/sdk/2.1.1/src/rp2_common/pico_standard_binary_info/standard_binary_info.c.o
 .rodata.__bi_34
                0x1000401c        0xc CMakeFiles/picow-hello-flash.dir/home/alanvel/.pico-sdk/sdk/2.1.1/src/rp2_common/pico_standard_binary_info/standard_binary_info.c.o
 .rodata.__bi_26
                0x10004028        0xc CMakeFiles/picow-hello-flash.dir/home/alanvel/.pico-sdk/sdk/2.1.1/src/rp2_common/pico_standard_binary_info/standard_binary_info.c.o
 .rodata._ftoa.str1.4
                0x10004034       0x15 CMakeFiles/picow-hello-flash.dir/home/alanvel/.pico-sdk/sdk/2.1.1/src/rp2_common/pico_printf/printf.c.o
 .rodata._vsnprintf
                0x10004034      0x19c CMakeFiles/picow-hello-flash.dir/home/alanvel/.pico-sdk/sdk/2.1.1/src/rp2_common/pico_printf/printf.c.o
 .rodata.pow10.0
                0x100041d0       0x50 CMakeFiles/picow-hello-flash.dir/home/alanvel/.pico-sdk/sdk/2.1.1/src/rp2_common/pico_printf/printf.c.o
 .rodata.crlf_str.0
                0x10004220        0x2 CMakeFiles/picow-hello-flash.dir/home/alanvel/.pico-sdk/sdk/2.1.1/src/rp2_common/pico_stdio/stdio.c.o
 .rodata.str1.4
                0x10004222       0x2c CMakeFiles/picow-hello-flash.dir/home/alanvel/.pico-sdk/sdk/2.1.1/src/rp2_common/pico_stdio_uart/stdio_uart.c.o
 *fill*         0x10004222        0x2 
 .rodata.__bi_45.4
                0x10004224        0xc CMakeFiles/picow-hello-flash.dir/home/alanvel/.pico-sdk/sdk/2.1.1/src/rp2_common/pico_stdio_uart/stdio_uart.c.o
 .rodata.__bi_49.5
                0x10004230        0x8 CMakeFiles/picow-hello-flash.dir/home/alanvel/.pico-sdk/sdk/2.1.1/src/rp2_common/pico_stdio_uart/stdio_uart.c.o
 .rodata.__bi_50.6
                0x10004238        0x8 CMakeFiles/picow-hello-flash.dir/home/alanvel/.pico-sdk/sdk/2.1.1/src/rp2_common/pico_stdio_uart/stdio_uart.c.o
                0x10004240                        . = ALIGN (0x4)
 *(SORT_BY_ALIGNMENT(SORT_BY_NAME(.flashdata*)))
                0x10004240                        . = ALIGN (0x4)

.ARM.extab
 *(.ARM.extab* .gnu.linkonce.armextab.*)
                0x10004240                        __exidx_start = .

.ARM.exidx
 *(.ARM.exidx* .gnu.linkonce.armexidx.*)
                0x10004240                        __exidx_end = .
                0x10004240                        . = ALIGN (0x4)
                0x10004240                        __binary_info_start = .

.binary_info    0x10004240       0x2c
 *(.binary_info.keep.*)
 .binary_info.keep.__bi_ptr84
                0x10004240        0x4 CMakeFiles/picow-hello-flash.dir/home/alanvel/.pico-sdk/sdk/2.1.1/src/rp2_common/pico_standard_binary_info/standard_binary_info.c.o
 .binary_info.keep.__bi_ptr78
                0x10004244        0x4 CMakeFiles/picow-hello-flash.dir/home/alanvel/.pico-sdk/sdk/2.1.1/src/rp2_common/pico_standard_binary_info/standard_binary_info.c.o
 .binary_info.keep.__bi_ptr60
                0x10004248        0x4 CMakeFiles/picow-hello-flash.dir/home/alanvel/.pico-sdk/sdk/2.1.1/src/rp2_common/pico_standard_binary_info/standard_binary_info.c.o
 .binary_info.keep.__bi_ptr54
                0x1000424c        0x4 CMakeFiles/picow-hello-flash.dir/home/alanvel/.pico-sdk/sdk/2.1.1/src/rp2_common/pico_standard_binary_info/standard_binary_info.c.o
 .binary_info.keep.__bi_ptr48
                0x10004250        0x4 CMakeFiles/picow-hello-flash.dir/home/alanvel/.pico-sdk/sdk/2.1.1/src/rp2_common/pico_standard_binary_info/standard_binary_info.c.o
 .binary_info.keep.__bi_ptr42
                0x10004254        0x4 CMakeFiles/picow-hello-flash.dir/home/alanvel/.pico-sdk/sdk/2.1.1/src/rp2_common/pico_standard_binary_info/standard_binary_info.c.o
 .binary_info.keep.__bi_ptr34
                0x10004258        0x4 CMakeFiles/picow-hello-flash.dir/home/alanvel/.pico-sdk/sdk/2.1.1/src/rp2_common/pico_standard_binary_info/standard_binary_info.c.o
 .binary_info.keep.__bi_ptr26
                0x1000425c        0x4 CMakeFiles/picow-hello-flash.dir/home/alanvel/.pico-sdk/sdk/2.1.1/src/rp2_common/pico_standard_binary_info/standard_binary_info.c.o
 *(.binary_info.*)
 .binary_info.__bi_ptr50
                0x10004260        0x4 CMakeFiles/picow-hello-flash.dir/home/alanvel/.pico-sdk/sdk/2.1.1/src/rp2_common/pico_stdio_uart/stdio_uart.c.o
 .binary_info.__bi_ptr49
                0x10004264        0x4 CMakeFiles/picow-hello-flash.dir/home/alanvel/.pico-sdk/sdk/2.1.1/src/rp2_common/pico_stdio_uart/stdio_uart.c.o
 .binary_info.__bi_ptr45
                0x10004268        0x4 CMakeFiles/picow-hello-flash.dir/home/alanvel/.pico-sdk/sdk/2.1.1/src/rp2_common/pico_stdio_uart/stdio_uart.c.o
                0x1000426c                        __binary_info_end = .

.rel.dyn        0x1000426c        0x0
 .rel.iplt      0x1000426c        0x0 /home/alanvel/.pico-sdk/toolchain/14_2_Rel1/bin/../lib/gcc/arm-none-eabi/14.2.1/thumb/v6-m/nofp/crtbegin.o
                0x1000426c                        . = ALIGN (0x4)

.ram_vector_table
                0x20000000       0xc0
 *(.ram_vector_table)
 .ram_vector_table
                0x20000000       0xc0 CMakeFiles/picow-hello-flash.dir/home/alanvel/.pico-sdk/sdk/2.1.1/src/rp2_common/pico_runtime_init/runtime_init.c.o
                0x20000000                ram_vector_table

.uninitialized_data
                0x200000c0        0x0
                0x200000c0                        . = ALIGN (0x4)
 *(.uninitialized_data*)

.data           0x200000c0      0x430 load address 0x1000426c
                0x200000c0                        __data_start__ = .
 *(vtable)
 *(.time_critical*)
 .time_critical.mutex_try_enter_block_until
                0x200000c0       0x98 CMakeFiles/picow-hello-flash.dir/home/alanvel/.pico-sdk/sdk/2.1.1/src/common/pico_sync/mutex.c.o
                0x200000c0                mutex_try_enter_block_until
 .time_critical.mutex_exit
                0x20000158       0x28 CMakeFiles/picow-hello-flash.dir/home/alanvel/.pico-sdk/sdk/2.1.1/src/common/pico_sync/mutex.c.o
                0x20000158                mutex_exit
 .time_critical.flash_init_boot2_copyout
                0x20000180       0x30 CMakeFiles/picow-hello-flash.dir/home/alanvel/.pico-sdk/sdk/2.1.1/src/rp2_common/hardware_flash/flash.c.o
 .time_critical.flash_enable_xip_via_boot2
                0x200001b0        0xc CMakeFiles/picow-hello-flash.dir/home/alanvel/.pico-sdk/sdk/2.1.1/src/rp2_common/hardware_flash/flash.c.o
 .time_critical.flash_cs_force
                0x200001bc       0x38 CMakeFiles/picow-hello-flash.dir/home/alanvel/.pico-sdk/sdk/2.1.1/src/rp2_common/hardware_flash/flash.c.o
 .time_critical.flash_range_erase
                0x200001f4       0x80 CMakeFiles/picow-hello-flash.dir/home/alanvel/.pico-sdk/sdk/2.1.1/src/rp2_common/hardware_flash/flash.c.o
                0x200001f4                flash_range_erase
 .time_critical.flash_range_program
                0x20000274       0x80 CMakeFiles/picow-hello-flash.dir/home/alanvel/.pico-sdk/sdk/2.1.1/src/rp2_common/hardware_flash/flash.c.o
                0x20000274                flash_range_program
 .time_critical.flash_do_cmd
                0x200002f4      0x130 CMakeFiles/picow-hello-flash.dir/home/alanvel/.pico-sdk/sdk/2.1.1/src/rp2_common/hardware_flash/flash.c.o
                0x200002f4                flash_do_cmd
 *(.text*)
 .text          0x20000424        0x4 /home/alanvel/.pico-sdk/toolchain/14_2_Rel1/bin/../lib/gcc/arm-none-eabi/14.2.1/thumb/v6-m/nofp/libgcc.a(_dvmd_tls.o)
                0x20000424                __aeabi_ldiv0
                0x20000424                __aeabi_idiv0
 .text.__stub   0x20000428       0x20 linker stubs
                0x20000448                        . = ALIGN (0x4)
 *(.rodata*)
                0x20000448                        . = ALIGN (0x4)
 *(.data*)
 .data.flash_target_contents
                0x20000448        0x4 CMakeFiles/picow-hello-flash.dir/picow-hello-flash.c.o
                0x20000448                flash_target_contents
 .data.striped_spin_lock_num
                0x2000044c        0x1 CMakeFiles/picow-hello-flash.dir/home/alanvel/.pico-sdk/sdk/2.1.1/src/rp2_common/hardware_sync/sync.c.o
 *fill*         0x2000044d        0x3 
 .data          0x20000450       0x48 CMakeFiles/picow-hello-flash.dir/home/alanvel/.pico-sdk/sdk/2.1.1/src/rp2_common/hardware_irq/irq_handler_chain.S.o
                0x20000450                irq_handler_chain_slots
                0x20000480                irq_handler_chain_first_slot
                0x2000048a                irq_handler_chain_remove_tail
 .data.default_alarm_pool
                0x20000498       0x18 CMakeFiles/picow-hello-flash.dir/home/alanvel/.pico-sdk/sdk/2.1.1/src/common/pico_time/time.c.o
 .data.aeabi_bits_funcs
                0x200004b0       0x10 CMakeFiles/picow-hello-flash.dir/home/alanvel/.pico-sdk/sdk/2.1.1/src/rp2_common/pico_bit_ops/bit_ops_aeabi.S.o
                0x200004b0                aeabi_bits_funcs
                0x200004c0                aeabi_bits_funcs_end
 .data.aeabi_mem_funcs
                0x200004c0       0x10 CMakeFiles/picow-hello-flash.dir/home/alanvel/.pico-sdk/sdk/2.1.1/src/rp2_common/pico_mem_ops/mem_ops_aeabi.S.o
                0x200004c0                aeabi_mem_funcs
                0x200004d0                aeabi_mem_funcs_end
 .data.stdio_uart
                0x200004d0       0x18 CMakeFiles/picow-hello-flash.dir/home/alanvel/.pico-sdk/sdk/2.1.1/src/rp2_common/pico_stdio_uart/stdio_uart.c.o
                0x200004d0                stdio_uart
                0x200004e8                        . = ALIGN (0x4)
 *(.after_data.*)
                0x200004e8                        . = ALIGN (0x4)
                0x200004e8                        PROVIDE (__mutex_array_start = .)
 *(SORT_BY_NAME(.mutex_array.*))
 *(.mutex_array)
 .mutex_array   0x200004e8        0x8 CMakeFiles/picow-hello-flash.dir/home/alanvel/.pico-sdk/sdk/2.1.1/src/rp2_common/pico_stdio/stdio.c.o
                0x200004f0                        PROVIDE (__mutex_array_end = .)
                0x200004f0                        . = ALIGN (0x4)
 *(.jcr)
                0x200004f0                        . = ALIGN (0x4)

.tm_clone_table
                0x200004f0        0x0 load address 0x1000469c
 .tm_clone_table
                0x200004f0        0x0 /home/alanvel/.pico-sdk/toolchain/14_2_Rel1/bin/../lib/gcc/arm-none-eabi/14.2.1/thumb/v6-m/nofp/crtbegin.o
 .tm_clone_table
                0x200004f0        0x0 /home/alanvel/.pico-sdk/toolchain/14_2_Rel1/bin/../lib/gcc/arm-none-eabi/14.2.1/thumb/v6-m/nofp/crtend.o

.igot.plt       0x200004f0        0x0 load address 0x1000469c
 .igot.plt      0x200004f0        0x0 /home/alanvel/.pico-sdk/toolchain/14_2_Rel1/bin/../lib/gcc/arm-none-eabi/14.2.1/thumb/v6-m/nofp/crtbegin.o

.tdata          0x200004f0        0x0 load address 0x1000469c
                0x200004f0                        . = ALIGN (0x4)
 *(.tdata .tdata.* .gnu.linkonce.td.*)
                0x200004f0                        __tdata_end = .
                0x200004f0                        PROVIDE (__data_end__ = .)
                0x1000426c                        __etext = LOADADDR (.data)

.tbss           0x200004f0        0x0 load address 0x1000469c
                0x200004f0                        . = ALIGN (0x4)
                0x200004f0                        __bss_start__ = .
                0x200004f0                        __tls_base = .
 *(.tbss .tbss.* .gnu.linkonce.tb.*)
 *(.tcommon)
                0x200004f0                        __tls_end = .

.bss            0x200004f0      0x504 load address 0x1000469c
                0x200004f0                        . = ALIGN (0x4)
                0x200004f0                        __tbss_end = .
 *(SORT_BY_ALIGNMENT(SORT_BY_NAME(.bss*)))
 .bss.default_alarm_pool_entries
                0x200004f0      0x180 CMakeFiles/picow-hello-flash.dir/home/alanvel/.pico-sdk/sdk/2.1.1/src/common/pico_time/time.c.o
 .bss.sd_table  0x20000670      0x100 CMakeFiles/picow-hello-flash.dir/home/alanvel/.pico-sdk/sdk/2.1.1/src/rp2_common/pico_double/double_init_rom_rp2040.c.o
                0x20000670                sd_table
 .bss.boot2_copyout
                0x20000770      0x100 CMakeFiles/picow-hello-flash.dir/home/alanvel/.pico-sdk/sdk/2.1.1/src/rp2_common/hardware_flash/flash.c.o
 .bss.chars_available_callback
                0x20000870        0x4 CMakeFiles/picow-hello-flash.dir/home/alanvel/.pico-sdk/sdk/2.1.1/src/rp2_common/pico_stdio_uart/stdio_uart.c.o
 .bss.chars_available_param
                0x20000874        0x4 CMakeFiles/picow-hello-flash.dir/home/alanvel/.pico-sdk/sdk/2.1.1/src/rp2_common/pico_stdio_uart/stdio_uart.c.o
 .bss.claimed   0x20000878        0x1 CMakeFiles/picow-hello-flash.dir/home/alanvel/.pico-sdk/sdk/2.1.1/src/rp2_common/hardware_timer/timer.c.o
 *fill*         0x20000879        0x3 
 .bss.configured_freq
                0x2000087c       0x28 CMakeFiles/picow-hello-flash.dir/home/alanvel/.pico-sdk/sdk/2.1.1/src/rp2_common/hardware_clocks/clocks.c.o
 .bss.drivers   0x200008a4        0x4 CMakeFiles/picow-hello-flash.dir/home/alanvel/.pico-sdk/sdk/2.1.1/src/rp2_common/pico_stdio/stdio.c.o
 .bss.filter    0x200008a8        0x4 CMakeFiles/picow-hello-flash.dir/home/alanvel/.pico-sdk/sdk/2.1.1/src/rp2_common/pico_stdio/stdio.c.o
 .bss.lazy_vsnprintf
                0x200008ac        0x4 CMakeFiles/picow-hello-flash.dir/home/alanvel/.pico-sdk/sdk/2.1.1/src/rp2_common/pico_printf/printf.c.o
 .bss.object.0  0x200008b0       0x18 /home/alanvel/.pico-sdk/toolchain/14_2_Rel1/bin/../lib/gcc/arm-none-eabi/14.2.1/thumb/v6-m/nofp/crtbegin.o
 .bss.pools     0x200008c8       0x10 CMakeFiles/picow-hello-flash.dir/home/alanvel/.pico-sdk/sdk/2.1.1/src/common/pico_time/time.c.o
 .bss.retrieved_id
                0x200008d8        0x8 CMakeFiles/picow-hello-flash.dir/home/alanvel/.pico-sdk/sdk/2.1.1/src/rp2_common/pico_unique_id/unique_id.c.o
 .bss.sf_clz_func
                0x200008e0        0x4 CMakeFiles/picow-hello-flash.dir/home/alanvel/.pico-sdk/sdk/2.1.1/src/rp2_common/pico_double/double_init_rom_rp2040.c.o
                0x200008e0                sf_clz_func
 .bss.sf_table  0x200008e4      0x100 CMakeFiles/picow-hello-flash.dir/home/alanvel/.pico-sdk/sdk/2.1.1/src/rp2_common/pico_float/float_init_rom_rp2040.c.o
                0x200008e4                sf_table
 .bss.sleep_notifier
                0x200009e4        0x4 CMakeFiles/picow-hello-flash.dir/home/alanvel/.pico-sdk/sdk/2.1.1/src/common/pico_time/time.c.o
 .bss.uart_char_to_line_feed
                0x200009e8        0x4 CMakeFiles/picow-hello-flash.dir/home/alanvel/.pico-sdk/sdk/2.1.1/src/rp2_common/hardware_uart/uart.c.o
                0x200009e8                uart_char_to_line_feed
 .bss.uart_instance
                0x200009ec        0x4 CMakeFiles/picow-hello-flash.dir/home/alanvel/.pico-sdk/sdk/2.1.1/src/rp2_common/pico_stdio_uart/stdio_uart.c.o
 .bss.boot2_copyout_valid
                0x200009f0        0x1 CMakeFiles/picow-hello-flash.dir/home/alanvel/.pico-sdk/sdk/2.1.1/src/rp2_common/hardware_flash/flash.c.o
 .bss.irq_handler_chain_free_slot_head
                0x200009f1        0x1 CMakeFiles/picow-hello-flash.dir/home/alanvel/.pico-sdk/sdk/2.1.1/src/rp2_common/hardware_irq/irq.c.o
 *(COMMON)
                0x200009f4                        . = ALIGN (0x4)
 *fill*         0x200009f2        0x2 
                0x200009f4                        __bss_end__ = .

.heap           0x200009f4      0x800 load address 0x1000469c
                0x200009f4                        __end__ = .
                0x200009f4                        end = __end__
 *(.heap*)
 .heap          0x200009f4      0x800 CMakeFiles/picow-hello-flash.dir/home/alanvel/.pico-sdk/sdk/2.1.1/src/rp2_common/pico_crt0/crt0.S.o
                0x20040000                        __HeapLimit = (ORIGIN (RAM) + LENGTH (RAM))

.scratch_x      0x20040000        0x0 load address 0x1000469c
                0x20040000                        __scratch_x_start__ = .
 *(.scratch_x.*)
                0x20040000                        . = ALIGN (0x4)
                0x20040000                        __scratch_x_end__ = .
                0x1000469c                        __scratch_x_source__ = LOADADDR (.scratch_x)

.scratch_y      0x20041000        0x0 load address 0x1000469c
                0x20041000                        __scratch_y_start__ = .
 *(.scratch_y.*)
                0x20041000                        . = ALIGN (0x4)
                0x20041000                        __scratch_y_end__ = .
                0x1000469c                        __scratch_y_source__ = LOADADDR (.scratch_y)

.stack1_dummy
 *(.stack1*)

.stack_dummy    0x20041000      0x800
 *(.stack*)
 .stack         0x20041000      0x800 CMakeFiles/picow-hello-flash.dir/home/alanvel/.pico-sdk/sdk/2.1.1/src/rp2_common/pico_crt0/crt0.S.o

.flash_end      0x1000469c        0x0
 *(.embedded_end_block*)
                0x1000469c                        PROVIDE (__flash_binary_end = .)
                0x20040000                        __StackLimit = (ORIGIN (RAM) + LENGTH (RAM))
                0x20041000                        __StackOneTop = (ORIGIN (SCRATCH_X) + LENGTH (SCRATCH_X))
                0x20042000                        __StackTop = (ORIGIN (SCRATCH_Y) + LENGTH (SCRATCH_Y))
                0x20041000                        __StackOneBottom = (__StackOneTop - SIZEOF (.stack1_dummy))
                0x20041800                        __StackBottom = (__StackTop - SIZEOF (.stack_dummy))
                0x20042000                        PROVIDE (__stack = __StackTop)
                [!provide]                        PROVIDE (__heap_start = __end__)
                [!provide]                        PROVIDE (__heap_end = __HeapLimit)
                [!provide]                        PROVIDE (__tls_align = MAX (ALIGNOF (.tdata), ALIGNOF (.tbss)))
                [!provide]                        PROVIDE (__tls_size_align = (((__tls_size + __tls_align) - 0x1) & ~ ((__tls_align - 0x1))))
                [!provide]                        PROVIDE (__arm32_tls_tcb_offset = MAX (0x8, __tls_align))
                [!provide]                        PROVIDE (_end = __end__)
                [!provide]                        PROVIDE (__llvm_libc_heap_limit = __HeapLimit)
                0x00000001                        ASSERT ((__StackLimit >= __HeapLimit), region RAM overflowed)
                0x00000001                        ASSERT (((__binary_info_header_end - __logical_binary_start) <= 0x100), Binary info must be in first 256 bytes of the binary)
LOAD CMakeFiles/picow-hello-flash.dir/picow-hello-flash.c.o
LOAD CMakeFiles/picow-hello-flash.dir/home/alanvel/.pico-sdk/sdk/2.1.1/src/rp2_common/pico_stdlib/stdlib.c.o
LOAD CMakeFiles/picow-hello-flash.dir/home/alanvel/.pico-sdk/sdk/2.1.1/src/rp2_common/hardware_gpio/gpio.c.o
LOAD CMakeFiles/picow-hello-flash.dir/home/alanvel/.pico-sdk/sdk/2.1.1/src/rp2040/pico_platform/platform.c.o
LOAD CMakeFiles/picow-hello-flash.dir/home/alanvel/.pico-sdk/sdk/2.1.1/src/rp2_common/pico_platform_panic/panic.c.o
LOAD CMakeFiles/picow-hello-flash.dir/home/alanvel/.pico-sdk/sdk/2.1.1/src/common/hardware_claim/claim.c.o
LOAD CMakeFiles/picow-hello-flash.dir/home/alanvel/.pico-sdk/sdk/2.1.1/src/rp2_common/hardware_sync/sync.c.o
LOAD CMakeFiles/picow-hello-flash.dir/home/alanvel/.pico-sdk/sdk/2.1.1/src/rp2_common/hardware_sync_spin_lock/sync_spin_lock.c.o
LOAD CMakeFiles/picow-hello-flash.dir/home/alanvel/.pico-sdk/sdk/2.1.1/src/rp2_common/hardware_irq/irq.c.o
LOAD CMakeFiles/picow-hello-flash.dir/home/alanvel/.pico-sdk/sdk/2.1.1/src/rp2_common/hardware_irq/irq_handler_chain.S.o
LOAD CMakeFiles/picow-hello-flash.dir/home/alanvel/.pico-sdk/sdk/2.1.1/src/common/pico_sync/sem.c.o
LOAD CMakeFiles/picow-hello-flash.dir/home/alanvel/.pico-sdk/sdk/2.1.1/src/common/pico_sync/lock_core.c.o
LOAD CMakeFiles/picow-hello-flash.dir/home/alanvel/.pico-sdk/sdk/2.1.1/src/common/pico_sync/mutex.c.o
LOAD CMakeFiles/picow-hello-flash.dir/home/alanvel/.pico-sdk/sdk/2.1.1/src/common/pico_sync/critical_section.c.o
LOAD CMakeFiles/picow-hello-flash.dir/home/alanvel/.pico-sdk/sdk/2.1.1/src/common/pico_time/time.c.o
LOAD CMakeFiles/picow-hello-flash.dir/home/alanvel/.pico-sdk/sdk/2.1.1/src/common/pico_time/timeout_helper.c.o
LOAD CMakeFiles/picow-hello-flash.dir/home/alanvel/.pico-sdk/sdk/2.1.1/src/rp2_common/hardware_timer/timer.c.o
LOAD CMakeFiles/picow-hello-flash.dir/home/alanvel/.pico-sdk/sdk/2.1.1/src/common/pico_util/datetime.c.o
LOAD CMakeFiles/picow-hello-flash.dir/home/alanvel/.pico-sdk/sdk/2.1.1/src/common/pico_util/pheap.c.o
LOAD CMakeFiles/picow-hello-flash.dir/home/alanvel/.pico-sdk/sdk/2.1.1/src/common/pico_util/queue.c.o
LOAD CMakeFiles/picow-hello-flash.dir/home/alanvel/.pico-sdk/sdk/2.1.1/src/rp2_common/hardware_uart/uart.c.o
LOAD CMakeFiles/picow-hello-flash.dir/home/alanvel/.pico-sdk/sdk/2.1.1/src/rp2_common/hardware_clocks/clocks.c.o
LOAD CMakeFiles/picow-hello-flash.dir/home/alanvel/.pico-sdk/sdk/2.1.1/src/rp2_common/hardware_pll/pll.c.o
LOAD CMakeFiles/picow-hello-flash.dir/home/alanvel/.pico-sdk/sdk/2.1.1/src/rp2_common/hardware_vreg/vreg.c.o
LOAD CMakeFiles/picow-hello-flash.dir/home/alanvel/.pico-sdk/sdk/2.1.1/src/rp2_common/hardware_watchdog/watchdog.c.o
LOAD CMakeFiles/picow-hello-flash.dir/home/alanvel/.pico-sdk/sdk/2.1.1/src/rp2_common/hardware_ticks/ticks.c.o
LOAD CMakeFiles/picow-hello-flash.dir/home/alanvel/.pico-sdk/sdk/2.1.1/src/rp2_common/pico_bootrom/bootrom.c.o
LOAD CMakeFiles/picow-hello-flash.dir/home/alanvel/.pico-sdk/sdk/2.1.1/src/rp2_common/pico_bootrom/bootrom_lock.c.o
LOAD CMakeFiles/picow-hello-flash.dir/home/alanvel/.pico-sdk/sdk/2.1.1/src/rp2_common/hardware_boot_lock/boot_lock.c.o
LOAD CMakeFiles/picow-hello-flash.dir/home/alanvel/.pico-sdk/sdk/2.1.1/src/rp2_common/pico_flash/flash.c.o
LOAD CMakeFiles/picow-hello-flash.dir/home/alanvel/.pico-sdk/sdk/2.1.1/src/rp2_common/hardware_xosc/xosc.c.o
LOAD CMakeFiles/picow-hello-flash.dir/home/alanvel/.pico-sdk/sdk/2.1.1/src/rp2_common/hardware_divider/divider.S.o
LOAD CMakeFiles/picow-hello-flash.dir/home/alanvel/.pico-sdk/sdk/2.1.1/src/rp2_common/pico_runtime/runtime.c.o
LOAD CMakeFiles/picow-hello-flash.dir/home/alanvel/.pico-sdk/sdk/2.1.1/src/rp2_common/pico_runtime_init/runtime_init.c.o
LOAD CMakeFiles/picow-hello-flash.dir/home/alanvel/.pico-sdk/sdk/2.1.1/src/rp2_common/pico_runtime_init/runtime_init_clocks.c.o
LOAD CMakeFiles/picow-hello-flash.dir/home/alanvel/.pico-sdk/sdk/2.1.1/src/rp2_common/pico_runtime_init/runtime_init_stack_guard.c.o
LOAD CMakeFiles/picow-hello-flash.dir/home/alanvel/.pico-sdk/sdk/2.1.1/src/rp2_common/pico_bit_ops/bit_ops_aeabi.S.o
LOAD CMakeFiles/picow-hello-flash.dir/home/alanvel/.pico-sdk/sdk/2.1.1/src/rp2_common/pico_divider/divider_hardware.S.o
LOAD CMakeFiles/picow-hello-flash.dir/home/alanvel/.pico-sdk/sdk/2.1.1/src/rp2_common/pico_double/double_aeabi_rp2040.S.o
LOAD CMakeFiles/picow-hello-flash.dir/home/alanvel/.pico-sdk/sdk/2.1.1/src/rp2_common/pico_double/double_init_rom_rp2040.c.o
LOAD CMakeFiles/picow-hello-flash.dir/home/alanvel/.pico-sdk/sdk/2.1.1/src/rp2_common/pico_double/double_math.c.o
LOAD CMakeFiles/picow-hello-flash.dir/home/alanvel/.pico-sdk/sdk/2.1.1/src/rp2_common/pico_double/double_v1_rom_shim_rp2040.S.o
LOAD CMakeFiles/picow-hello-flash.dir/home/alanvel/.pico-sdk/sdk/2.1.1/src/rp2_common/pico_int64_ops/pico_int64_ops_aeabi.S.o
LOAD CMakeFiles/picow-hello-flash.dir/home/alanvel/.pico-sdk/sdk/2.1.1/src/rp2_common/pico_float/float_aeabi_rp2040.S.o
LOAD CMakeFiles/picow-hello-flash.dir/home/alanvel/.pico-sdk/sdk/2.1.1/src/rp2_common/pico_float/float_init_rom_rp2040.c.o
LOAD CMakeFiles/picow-hello-flash.dir/home/alanvel/.pico-sdk/sdk/2.1.1/src/rp2_common/pico_float/float_math.c.o
LOAD CMakeFiles/picow-hello-flash.dir/home/alanvel/.pico-sdk/sdk/2.1.1/src/rp2_common/pico_float/float_v1_rom_shim_rp2040.S.o
LOAD CMakeFiles/picow-hello-flash.dir/home/alanvel/.pico-sdk/sdk/2.1.1/src/rp2_common/pico_malloc/malloc.c.o
LOAD CMakeFiles/picow-hello-flash.dir/home/alanvel/.pico-sdk/sdk/2.1.1/src/rp2_common/pico_mem_ops/mem_ops_aeabi.S.o
LOAD CMakeFiles/picow-hello-flash.dir/home/alanvel/.pico-sdk/sdk/2.1.1/src/rp2_common/pico_atomic/atomic.c.o
LOAD CMakeFiles/picow-hello-flash.dir/home/alanvel/.pico-sdk/sdk/2.1.1/src/rp2_common/pico_cxx_options/new_delete.cpp.o
LOAD CMakeFiles/picow-hello-flash.dir/home/alanvel/.pico-sdk/sdk/2.1.1/src/rp2_common/pico_standard_binary_info/standard_binary_info.c.o
LOAD CMakeFiles/picow-hello-flash.dir/home/alanvel/.pico-sdk/sdk/2.1.1/src/rp2_common/pico_printf/printf.c.o
LOAD CMakeFiles/picow-hello-flash.dir/home/alanvel/.pico-sdk/sdk/2.1.1/src/rp2_common/pico_crt0/crt0.S.o
LOAD CMakeFiles/picow-hello-flash.dir/home/alanvel/.pico-sdk/sdk/2.1.1/src/rp2_common/pico_clib_interface/newlib_interface.c.o
LOAD CMakeFiles/picow-hello-flash.dir/home/alanvel/.pico-sdk/sdk/2.1.1/src/rp2_common/pico_stdio/stdio.c.o
LOAD CMakeFiles/picow-hello-flash.dir/home/alanvel/.pico-sdk/sdk/2.1.1/src/rp2_common/pico_stdio_uart/stdio_uart.c.o
LOAD CMakeFiles/picow-hello-flash.dir/home/alanvel/.pico-sdk/sdk/2.1.1/src/rp2_common/pico_cyw43_arch/cyw43_arch.c.o
LOAD CMakeFiles/picow-hello-flash.dir/home/alanvel/.pico-sdk/sdk/2.1.1/src/rp2_common/pico_cyw43_arch/cyw43_arch_poll.c.o
LOAD CMakeFiles/picow-hello-flash.dir/home/alanvel/.pico-sdk/sdk/2.1.1/src/rp2_common/pico_cyw43_arch/cyw43_arch_threadsafe_background.c.o
LOAD CMakeFiles/picow-hello-flash.dir/home/alanvel/.pico-sdk/sdk/2.1.1/src/rp2_common/pico_cyw43_arch/cyw43_arch_freertos.c.o
LOAD CMakeFiles/picow-hello-flash.dir/home/alanvel/.pico-sdk/sdk/2.1.1/src/rp2_common/pico_unique_id/unique_id.c.o
LOAD CMakeFiles/picow-hello-flash.dir/home/alanvel/.pico-sdk/sdk/2.1.1/src/rp2_common/hardware_flash/flash.c.o
LOAD CMakeFiles/picow-hello-flash.dir/home/alanvel/.pico-sdk/sdk/2.1.1/src/rp2_common/hardware_xip_cache/xip_cache.c.o
LOAD CMakeFiles/picow-hello-flash.dir/home/alanvel/.pico-sdk/sdk/2.1.1/src/rp2_common/pico_cyw43_driver/cyw43_bus_pio_spi.c.o
LOAD CMakeFiles/picow-hello-flash.dir/home/alanvel/.pico-sdk/sdk/2.1.1/lib/cyw43-driver/src/cyw43_ll.c.o
LOAD CMakeFiles/picow-hello-flash.dir/home/alanvel/.pico-sdk/sdk/2.1.1/lib/cyw43-driver/src/cyw43_stats.c.o
LOAD CMakeFiles/picow-hello-flash.dir/home/alanvel/.pico-sdk/sdk/2.1.1/lib/cyw43-driver/src/cyw43_lwip.c.o
LOAD CMakeFiles/picow-hello-flash.dir/home/alanvel/.pico-sdk/sdk/2.1.1/lib/cyw43-driver/src/cyw43_ctrl.c.o
LOAD CMakeFiles/picow-hello-flash.dir/home/alanvel/.pico-sdk/sdk/2.1.1/src/rp2_common/pico_cyw43_driver/cybt_shared_bus/cybt_shared_bus.c.o
LOAD CMakeFiles/picow-hello-flash.dir/home/alanvel/.pico-sdk/sdk/2.1.1/src/rp2_common/pico_cyw43_driver/cybt_shared_bus/cybt_shared_bus_driver.c.o
LOAD CMakeFiles/picow-hello-flash.dir/home/alanvel/.pico-sdk/sdk/2.1.1/src/rp2_common/hardware_pio/pio.c.o
LOAD CMakeFiles/picow-hello-flash.dir/home/alanvel/.pico-sdk/sdk/2.1.1/src/rp2_common/hardware_dma/dma.c.o
LOAD CMakeFiles/picow-hello-flash.dir/home/alanvel/.pico-sdk/sdk/2.1.1/src/rp2_common/hardware_exception/exception.c.o
LOAD CMakeFiles/picow-hello-flash.dir/home/alanvel/.pico-sdk/sdk/2.1.1/src/rp2_common/pico_cyw43_driver/cyw43_driver.c.o
LOAD CMakeFiles/picow-hello-flash.dir/home/alanvel/.pico-sdk/sdk/2.1.1/src/rp2_common/pico_async_context/async_context_threadsafe_background.c.o
LOAD CMakeFiles/picow-hello-flash.dir/home/alanvel/.pico-sdk/sdk/2.1.1/src/rp2_common/pico_async_context/async_context_base.c.o
LOAD pico-sdk/src/rp2040/boot_stage2/CMakeFiles/bs2_default_library.dir/./bs2_default_padded_checksummed.S.o
LOAD /home/alanvel/.pico-sdk/toolchain/14_2_Rel1/bin/../lib/gcc/arm-none-eabi/14.2.1/../../../../arm-none-eabi/lib/thumb/v6-m/nofp/libstdc++.a
LOAD /home/alanvel/.pico-sdk/toolchain/14_2_Rel1/bin/../lib/gcc/arm-none-eabi/14.2.1/../../../../arm-none-eabi/lib/thumb/v6-m/nofp/libm.a
START GROUP
LOAD /home/alanvel/.pico-sdk/toolchain/14_2_Rel1/bin/../lib/gcc/arm-none-eabi/14.2.1/thumb/v6-m/nofp/libgcc.a
LOAD /home/alanvel/.pico-sdk/toolchain/14_2_Rel1/bin/../lib/gcc/arm-none-eabi/14.2.1/../../../../arm-none-eabi/lib/thumb/v6-m/nofp/libg.a
LOAD /home/alanvel/.pico-sdk/toolchain/14_2_Rel1/bin/../lib/gcc/arm-none-eabi/14.2.1/../../../../arm-none-eabi/lib/thumb/v6-m/nofp/libc.a
END GROUP
START GROUP
LOAD /home/alanvel/.pico-sdk/toolchain/14_2_Rel1/bin/../lib/gcc/arm-none-eabi/14.2.1/thumb/v6-m/nofp/libgcc.a
LOAD /home/alanvel/.pico-sdk/toolchain/14_2_Rel1/bin/../lib/gcc/arm-none-eabi/14.2.1/../../../../arm-none-eabi/lib/thumb/v6-m/nofp/libc.a
LOAD /home/alanvel/.pico-sdk/toolchain/14_2_Rel1/bin/../lib/gcc/arm-none-eabi/14.2.1/../../../../arm-none-eabi/lib/thumb/v6-m/nofp/libnosys.a
END GROUP
LOAD /home/alanvel/.pico-sdk/toolchain/14_2_Rel1/bin/../lib/gcc/arm-none-eabi/14.2.1/thumb/v6-m/nofp/crtend.o
LOAD /home/alanvel/.pico-sdk/toolchain/14_2_Rel1/bin/../lib/gcc/arm-none-eabi/14.2.1/thumb/v6-m/nofp/crtn.o
OUTPUT(picow-hello-flash.elf elf32-littlearm)
LOAD linker stubs

.ARM.attributes
                0x00000000       0x28
 .ARM.attributes
                0x00000000       0x1e /home/alanvel/.pico-sdk/toolchain/14_2_Rel1/bin/../lib/gcc/arm-none-eabi/14.2.1/thumb/v6-m/nofp/crti.o
 .ARM.attributes
                0x0000001e       0x2c /home/alanvel/.pico-sdk/toolchain/14_2_Rel1/bin/../lib/gcc/arm-none-eabi/14.2.1/thumb/v6-m/nofp/crtbegin.o
 .ARM.attributes
                0x0000004a       0x2c CMakeFiles/picow-hello-flash.dir/picow-hello-flash.c.o
 .ARM.attributes
                0x00000076       0x2c CMakeFiles/picow-hello-flash.dir/home/alanvel/.pico-sdk/sdk/2.1.1/src/rp2_common/hardware_gpio/gpio.c.o
 .ARM.attributes
                0x000000a2       0x2c CMakeFiles/picow-hello-flash.dir/home/alanvel/.pico-sdk/sdk/2.1.1/src/rp2_common/pico_platform_panic/panic.c.o
 .ARM.attributes
                0x000000ce       0x2c CMakeFiles/picow-hello-flash.dir/home/alanvel/.pico-sdk/sdk/2.1.1/src/common/hardware_claim/claim.c.o
 .ARM.attributes
                0x000000fa       0x2c CMakeFiles/picow-hello-flash.dir/home/alanvel/.pico-sdk/sdk/2.1.1/src/rp2_common/hardware_sync/sync.c.o
 .ARM.attributes
                0x00000126       0x2c CMakeFiles/picow-hello-flash.dir/home/alanvel/.pico-sdk/sdk/2.1.1/src/rp2_common/hardware_sync_spin_lock/sync_spin_lock.c.o
 .ARM.attributes
                0x00000152       0x2c CMakeFiles/picow-hello-flash.dir/home/alanvel/.pico-sdk/sdk/2.1.1/src/rp2_common/hardware_irq/irq.c.o
 .ARM.attributes
                0x0000017e       0x22 CMakeFiles/picow-hello-flash.dir/home/alanvel/.pico-sdk/sdk/2.1.1/src/rp2_common/hardware_irq/irq_handler_chain.S.o
 .ARM.attributes
                0x000001a0       0x2c CMakeFiles/picow-hello-flash.dir/home/alanvel/.pico-sdk/sdk/2.1.1/src/common/pico_sync/lock_core.c.o
 .ARM.attributes
                0x000001cc       0x2c CMakeFiles/picow-hello-flash.dir/home/alanvel/.pico-sdk/sdk/2.1.1/src/common/pico_sync/mutex.c.o
 .ARM.attributes
                0x000001f8       0x2c CMakeFiles/picow-hello-flash.dir/home/alanvel/.pico-sdk/sdk/2.1.1/src/common/pico_time/time.c.o
 .ARM.attributes
                0x00000224       0x2c CMakeFiles/picow-hello-flash.dir/home/alanvel/.pico-sdk/sdk/2.1.1/src/rp2_common/hardware_timer/timer.c.o
 .ARM.attributes
                0x00000250       0x2c CMakeFiles/picow-hello-flash.dir/home/alanvel/.pico-sdk/sdk/2.1.1/src/rp2_common/hardware_uart/uart.c.o
 .ARM.attributes
                0x0000027c       0x2c CMakeFiles/picow-hello-flash.dir/home/alanvel/.pico-sdk/sdk/2.1.1/src/rp2_common/hardware_clocks/clocks.c.o
 .ARM.attributes
                0x000002a8       0x2c CMakeFiles/picow-hello-flash.dir/home/alanvel/.pico-sdk/sdk/2.1.1/src/rp2_common/hardware_pll/pll.c.o
 .ARM.attributes
                0x000002d4       0x2c CMakeFiles/picow-hello-flash.dir/home/alanvel/.pico-sdk/sdk/2.1.1/src/rp2_common/hardware_ticks/ticks.c.o
 .ARM.attributes
                0x00000300       0x2c CMakeFiles/picow-hello-flash.dir/home/alanvel/.pico-sdk/sdk/2.1.1/src/rp2_common/pico_bootrom/bootrom.c.o
 .ARM.attributes
                0x0000032c       0x2c CMakeFiles/picow-hello-flash.dir/home/alanvel/.pico-sdk/sdk/2.1.1/src/rp2_common/hardware_xosc/xosc.c.o
 .ARM.attributes
                0x00000358       0x2c CMakeFiles/picow-hello-flash.dir/home/alanvel/.pico-sdk/sdk/2.1.1/src/rp2_common/pico_runtime/runtime.c.o
 .ARM.attributes
                0x00000384       0x2c CMakeFiles/picow-hello-flash.dir/home/alanvel/.pico-sdk/sdk/2.1.1/src/rp2_common/pico_runtime_init/runtime_init.c.o
 .ARM.attributes
                0x000003b0       0x2c CMakeFiles/picow-hello-flash.dir/home/alanvel/.pico-sdk/sdk/2.1.1/src/rp2_common/pico_runtime_init/runtime_init_clocks.c.o
 .ARM.attributes
                0x000003dc       0x22 CMakeFiles/picow-hello-flash.dir/home/alanvel/.pico-sdk/sdk/2.1.1/src/rp2_common/pico_bit_ops/bit_ops_aeabi.S.o
 .ARM.attributes
                0x000003fe       0x22 CMakeFiles/picow-hello-flash.dir/home/alanvel/.pico-sdk/sdk/2.1.1/src/rp2_common/pico_divider/divider_hardware.S.o
 .ARM.attributes
                0x00000420       0x22 CMakeFiles/picow-hello-flash.dir/home/alanvel/.pico-sdk/sdk/2.1.1/src/rp2_common/pico_double/double_aeabi_rp2040.S.o
 .ARM.attributes
                0x00000442       0x2c CMakeFiles/picow-hello-flash.dir/home/alanvel/.pico-sdk/sdk/2.1.1/src/rp2_common/pico_double/double_init_rom_rp2040.c.o
 .ARM.attributes
                0x0000046e       0x22 CMakeFiles/picow-hello-flash.dir/home/alanvel/.pico-sdk/sdk/2.1.1/src/rp2_common/pico_double/double_v1_rom_shim_rp2040.S.o
 .ARM.attributes
                0x00000490       0x22 CMakeFiles/picow-hello-flash.dir/home/alanvel/.pico-sdk/sdk/2.1.1/src/rp2_common/pico_int64_ops/pico_int64_ops_aeabi.S.o
 .ARM.attributes
                0x000004b2       0x22 CMakeFiles/picow-hello-flash.dir/home/alanvel/.pico-sdk/sdk/2.1.1/src/rp2_common/pico_float/float_aeabi_rp2040.S.o
 .ARM.attributes
                0x000004d4       0x2c CMakeFiles/picow-hello-flash.dir/home/alanvel/.pico-sdk/sdk/2.1.1/src/rp2_common/pico_float/float_init_rom_rp2040.c.o
 .ARM.attributes
                0x00000500       0x22 CMakeFiles/picow-hello-flash.dir/home/alanvel/.pico-sdk/sdk/2.1.1/src/rp2_common/pico_mem_ops/mem_ops_aeabi.S.o
 .ARM.attributes
                0x00000522       0x2c CMakeFiles/picow-hello-flash.dir/home/alanvel/.pico-sdk/sdk/2.1.1/src/rp2_common/pico_standard_binary_info/standard_binary_info.c.o
 .ARM.attributes
                0x0000054e       0x2c CMakeFiles/picow-hello-flash.dir/home/alanvel/.pico-sdk/sdk/2.1.1/src/rp2_common/pico_printf/printf.c.o
 .ARM.attributes
                0x0000057a       0x22 CMakeFiles/picow-hello-flash.dir/home/alanvel/.pico-sdk/sdk/2.1.1/src/rp2_common/pico_crt0/crt0.S.o
 .ARM.attributes
                0x0000059c       0x2c CMakeFiles/picow-hello-flash.dir/home/alanvel/.pico-sdk/sdk/2.1.1/src/rp2_common/pico_clib_interface/newlib_interface.c.o
 .ARM.attributes
                0x000005c8       0x2c CMakeFiles/picow-hello-flash.dir/home/alanvel/.pico-sdk/sdk/2.1.1/src/rp2_common/pico_stdio/stdio.c.o
 .ARM.attributes
                0x000005f4       0x2c CMakeFiles/picow-hello-flash.dir/home/alanvel/.pico-sdk/sdk/2.1.1/src/rp2_common/pico_stdio_uart/stdio_uart.c.o
 .ARM.attributes
                0x00000620       0x2c CMakeFiles/picow-hello-flash.dir/home/alanvel/.pico-sdk/sdk/2.1.1/src/rp2_common/pico_unique_id/unique_id.c.o
 .ARM.attributes
                0x0000064c       0x2c CMakeFiles/picow-hello-flash.dir/home/alanvel/.pico-sdk/sdk/2.1.1/src/rp2_common/hardware_flash/flash.c.o
 .ARM.attributes
                0x00000678       0x22 pico-sdk/src/rp2040/boot_stage2/CMakeFiles/bs2_default_library.dir/./bs2_default_padded_checksummed.S.o
 .ARM.attributes
                0x0000069a       0x1e /home/alanvel/.pico-sdk/toolchain/14_2_Rel1/bin/../lib/gcc/arm-none-eabi/14.2.1/thumb/v6-m/nofp/libgcc.a(_dvmd_tls.o)
 .ARM.attributes
                0x000006b8       0x2c /home/alanvel/.pico-sdk/toolchain/14_2_Rel1/bin/../lib/gcc/arm-none-eabi/14.2.1/../../../../arm-none-eabi/lib/thumb/v6-m/nofp/libg.a(libc_a-strlen-stub.o)
 .ARM.attributes
                0x000006e4       0x2c /home/alanvel/.pico-sdk/toolchain/14_2_Rel1/bin/../lib/gcc/arm-none-eabi/14.2.1/thumb/v6-m/nofp/crtend.o

.comment        0x00000000       0x45
 .comment       0x00000000       0x45 CMakeFiles/picow-hello-flash.dir/picow-hello-flash.c.o
                                 0x46 (size before relaxing)
 .comment       0x00000045       0x46 CMakeFiles/picow-hello-flash.dir/home/alanvel/.pico-sdk/sdk/2.1.1/src/rp2_common/hardware_gpio/gpio.c.o
 .comment       0x00000045       0x46 CMakeFiles/picow-hello-flash.dir/home/alanvel/.pico-sdk/sdk/2.1.1/src/rp2_common/pico_platform_panic/panic.c.o
 .comment       0x00000045       0x46 CMakeFiles/picow-hello-flash.dir/home/alanvel/.pico-sdk/sdk/2.1.1/src/common/hardware_claim/claim.c.o
 .comment       0x00000045       0x46 CMakeFiles/picow-hello-flash.dir/home/alanvel/.pico-sdk/sdk/2.1.1/src/rp2_common/hardware_sync/sync.c.o
 .comment       0x00000045       0x46 CMakeFiles/picow-hello-flash.dir/home/alanvel/.pico-sdk/sdk/2.1.1/src/rp2_common/hardware_sync_spin_lock/sync_spin_lock.c.o
 .comment       0x00000045       0x46 CMakeFiles/picow-hello-flash.dir/home/alanvel/.pico-sdk/sdk/2.1.1/src/rp2_common/hardware_irq/irq.c.o
 .comment       0x00000045       0x46 CMakeFiles/picow-hello-flash.dir/home/alanvel/.pico-sdk/sdk/2.1.1/src/common/pico_sync/lock_core.c.o
 .comment       0x00000045       0x46 CMakeFiles/picow-hello-flash.dir/home/alanvel/.pico-sdk/sdk/2.1.1/src/common/pico_sync/mutex.c.o
 .comment       0x00000045       0x46 CMakeFiles/picow-hello-flash.dir/home/alanvel/.pico-sdk/sdk/2.1.1/src/common/pico_time/time.c.o
 .comment       0x00000045       0x46 CMakeFiles/picow-hello-flash.dir/home/alanvel/.pico-sdk/sdk/2.1.1/src/rp2_common/hardware_timer/timer.c.o
 .comment       0x00000045       0x46 CMakeFiles/picow-hello-flash.dir/home/alanvel/.pico-sdk/sdk/2.1.1/src/rp2_common/hardware_uart/uart.c.o
 .comment       0x00000045       0x46 CMakeFiles/picow-hello-flash.dir/home/alanvel/.pico-sdk/sdk/2.1.1/src/rp2_common/hardware_clocks/clocks.c.o
 .comment       0x00000045       0x46 CMakeFiles/picow-hello-flash.dir/home/alanvel/.pico-sdk/sdk/2.1.1/src/rp2_common/hardware_pll/pll.c.o
 .comment       0x00000045       0x46 CMakeFiles/picow-hello-flash.dir/home/alanvel/.pico-sdk/sdk/2.1.1/src/rp2_common/hardware_ticks/ticks.c.o
 .comment       0x00000045       0x46 CMakeFiles/picow-hello-flash.dir/home/alanvel/.pico-sdk/sdk/2.1.1/src/rp2_common/pico_bootrom/bootrom.c.o
 .comment       0x00000045       0x46 CMakeFiles/picow-hello-flash.dir/home/alanvel/.pico-sdk/sdk/2.1.1/src/rp2_common/hardware_xosc/xosc.c.o
 .comment       0x00000045       0x46 CMakeFiles/picow-hello-flash.dir/home/alanvel/.pico-sdk/sdk/2.1.1/src/rp2_common/pico_runtime/runtime.c.o
 .comment       0x00000045       0x46 CMakeFiles/picow-hello-flash.dir/home/alanvel/.pico-sdk/sdk/2.1.1/src/rp2_common/pico_runtime_init/runtime_init.c.o
 .comment       0x00000045       0x46 CMakeFiles/picow-hello-flash.dir/home/alanvel/.pico-sdk/sdk/2.1.1/src/rp2_common/pico_runtime_init/runtime_init_clocks.c.o
 .comment       0x00000045       0x46 CMakeFiles/picow-hello-flash.dir/home/alanvel/.pico-sdk/sdk/2.1.1/src/rp2_common/pico_double/double_init_rom_rp2040.c.o
 .comment       0x00000045       0x46 CMakeFiles/picow-hello-flash.dir/home/alanvel/.pico-sdk/sdk/2.1.1/src/rp2_common/pico_float/float_init_rom_rp2040.c.o
 .comment       0x00000045       0x46 CMakeFiles/picow-hello-flash.dir/home/alanvel/.pico-sdk/sdk/2.1.1/src/rp2_common/pico_standard_binary_info/standard_binary_info.c.o
 .comment       0x00000045       0x46 CMakeFiles/picow-hello-flash.dir/home/alanvel/.pico-sdk/sdk/2.1.1/src/rp2_common/pico_printf/printf.c.o
 .comment       0x00000045       0x46 CMakeFiles/picow-hello-flash.dir/home/alanvel/.pico-sdk/sdk/2.1.1/src/rp2_common/pico_clib_interface/newlib_interface.c.o
 .comment       0x00000045       0x46 CMakeFiles/picow-hello-flash.dir/home/alanvel/.pico-sdk/sdk/2.1.1/src/rp2_common/pico_stdio/stdio.c.o
 .comment       0x00000045       0x46 CMakeFiles/picow-hello-flash.dir/home/alanvel/.pico-sdk/sdk/2.1.1/src/rp2_common/pico_stdio_uart/stdio_uart.c.o
 .comment       0x00000045       0x46 CMakeFiles/picow-hello-flash.dir/home/alanvel/.pico-sdk/sdk/2.1.1/src/rp2_common/pico_unique_id/unique_id.c.o
 .comment       0x00000045       0x46 CMakeFiles/picow-hello-flash.dir/home/alanvel/.pico-sdk/sdk/2.1.1/src/rp2_common/hardware_flash/flash.c.o

.debug_info     0x00000000    0x1e4d8
 .debug_info    0x00000000      0x56f CMakeFiles/picow-hello-flash.dir/picow-hello-flash.c.o
 .debug_info    0x0000056f     0x242d CMakeFiles/picow-hello-flash.dir/home/alanvel/.pico-sdk/sdk/2.1.1/src/rp2_common/hardware_gpio/gpio.c.o
 .debug_info    0x0000299c      0x1bf CMakeFiles/picow-hello-flash.dir/home/alanvel/.pico-sdk/sdk/2.1.1/src/rp2_common/pico_platform_panic/panic.c.o
 .debug_info    0x00002b5b      0x9a1 CMakeFiles/picow-hello-flash.dir/home/alanvel/.pico-sdk/sdk/2.1.1/src/common/hardware_claim/claim.c.o
 .debug_info    0x000034fc      0x45c CMakeFiles/picow-hello-flash.dir/home/alanvel/.pico-sdk/sdk/2.1.1/src/rp2_common/hardware_sync/sync.c.o
 .debug_info    0x00003958      0x245 CMakeFiles/picow-hello-flash.dir/home/alanvel/.pico-sdk/sdk/2.1.1/src/rp2_common/hardware_sync_spin_lock/sync_spin_lock.c.o
 .debug_info    0x00003b9d     0x220f CMakeFiles/picow-hello-flash.dir/home/alanvel/.pico-sdk/sdk/2.1.1/src/rp2_common/hardware_irq/irq.c.o
 .debug_info    0x00005dac      0x15f CMakeFiles/picow-hello-flash.dir/home/alanvel/.pico-sdk/sdk/2.1.1/src/common/pico_sync/lock_core.c.o
 .debug_info    0x00005f0b     0x27f1 CMakeFiles/picow-hello-flash.dir/home/alanvel/.pico-sdk/sdk/2.1.1/src/common/pico_sync/mutex.c.o
 .debug_info    0x000086fc     0x5036 CMakeFiles/picow-hello-flash.dir/home/alanvel/.pico-sdk/sdk/2.1.1/src/common/pico_time/time.c.o
 .debug_info    0x0000d732     0x2b13 CMakeFiles/picow-hello-flash.dir/home/alanvel/.pico-sdk/sdk/2.1.1/src/rp2_common/hardware_timer/timer.c.o
 .debug_info    0x00010245     0x195f CMakeFiles/picow-hello-flash.dir/home/alanvel/.pico-sdk/sdk/2.1.1/src/rp2_common/hardware_uart/uart.c.o
 .debug_info    0x00011ba4     0x2991 CMakeFiles/picow-hello-flash.dir/home/alanvel/.pico-sdk/sdk/2.1.1/src/rp2_common/hardware_clocks/clocks.c.o
 .debug_info    0x00014535      0x4e5 CMakeFiles/picow-hello-flash.dir/home/alanvel/.pico-sdk/sdk/2.1.1/src/rp2_common/hardware_pll/pll.c.o
 .debug_info    0x00014a1a      0x248 CMakeFiles/picow-hello-flash.dir/home/alanvel/.pico-sdk/sdk/2.1.1/src/rp2_common/hardware_ticks/ticks.c.o
 .debug_info    0x00014c62      0x678 CMakeFiles/picow-hello-flash.dir/home/alanvel/.pico-sdk/sdk/2.1.1/src/rp2_common/pico_bootrom/bootrom.c.o
 .debug_info    0x000152da      0x1d0 CMakeFiles/picow-hello-flash.dir/home/alanvel/.pico-sdk/sdk/2.1.1/src/rp2_common/hardware_xosc/xosc.c.o
 .debug_info    0x000154aa      0x21a CMakeFiles/picow-hello-flash.dir/home/alanvel/.pico-sdk/sdk/2.1.1/src/rp2_common/pico_runtime/runtime.c.o
 .debug_info    0x000156c4      0x795 CMakeFiles/picow-hello-flash.dir/home/alanvel/.pico-sdk/sdk/2.1.1/src/rp2_common/pico_runtime_init/runtime_init.c.o
 .debug_info    0x00015e59      0x781 CMakeFiles/picow-hello-flash.dir/home/alanvel/.pico-sdk/sdk/2.1.1/src/rp2_common/pico_runtime_init/runtime_init_clocks.c.o
 .debug_info    0x000165da       0x23 CMakeFiles/picow-hello-flash.dir/home/alanvel/.pico-sdk/sdk/2.1.1/src/rp2_common/pico_bit_ops/bit_ops_aeabi.S.o
 .debug_info    0x000165fd       0x23 CMakeFiles/picow-hello-flash.dir/home/alanvel/.pico-sdk/sdk/2.1.1/src/rp2_common/pico_divider/divider_hardware.S.o
 .debug_info    0x00016620       0x23 CMakeFiles/picow-hello-flash.dir/home/alanvel/.pico-sdk/sdk/2.1.1/src/rp2_common/pico_double/double_aeabi_rp2040.S.o
 .debug_info    0x00016643      0x2c4 CMakeFiles/picow-hello-flash.dir/home/alanvel/.pico-sdk/sdk/2.1.1/src/rp2_common/pico_double/double_init_rom_rp2040.c.o
 .debug_info    0x00016907       0x24 CMakeFiles/picow-hello-flash.dir/home/alanvel/.pico-sdk/sdk/2.1.1/src/rp2_common/pico_double/double_v1_rom_shim_rp2040.S.o
 .debug_info    0x0001692b       0x24 CMakeFiles/picow-hello-flash.dir/home/alanvel/.pico-sdk/sdk/2.1.1/src/rp2_common/pico_int64_ops/pico_int64_ops_aeabi.S.o
 .debug_info    0x0001694f       0x23 CMakeFiles/picow-hello-flash.dir/home/alanvel/.pico-sdk/sdk/2.1.1/src/rp2_common/pico_float/float_aeabi_rp2040.S.o
 .debug_info    0x00016972      0x2b0 CMakeFiles/picow-hello-flash.dir/home/alanvel/.pico-sdk/sdk/2.1.1/src/rp2_common/pico_float/float_init_rom_rp2040.c.o
 .debug_info    0x00016c22       0x23 CMakeFiles/picow-hello-flash.dir/home/alanvel/.pico-sdk/sdk/2.1.1/src/rp2_common/pico_mem_ops/mem_ops_aeabi.S.o
 .debug_info    0x00016c45      0x2e2 CMakeFiles/picow-hello-flash.dir/home/alanvel/.pico-sdk/sdk/2.1.1/src/rp2_common/pico_standard_binary_info/standard_binary_info.c.o
 .debug_info    0x00016f27     0x22f2 CMakeFiles/picow-hello-flash.dir/home/alanvel/.pico-sdk/sdk/2.1.1/src/rp2_common/pico_printf/printf.c.o
 .debug_info    0x00019219       0x23 CMakeFiles/picow-hello-flash.dir/home/alanvel/.pico-sdk/sdk/2.1.1/src/rp2_common/pico_crt0/crt0.S.o
 .debug_info    0x0001923c      0xb54 CMakeFiles/picow-hello-flash.dir/home/alanvel/.pico-sdk/sdk/2.1.1/src/rp2_common/pico_clib_interface/newlib_interface.c.o
 .debug_info    0x00019d90     0x1d6c CMakeFiles/picow-hello-flash.dir/home/alanvel/.pico-sdk/sdk/2.1.1/src/rp2_common/pico_stdio/stdio.c.o
 .debug_info    0x0001bafc     0x14e7 CMakeFiles/picow-hello-flash.dir/home/alanvel/.pico-sdk/sdk/2.1.1/src/rp2_common/pico_stdio_uart/stdio_uart.c.o
 .debug_info    0x0001cfe3      0x201 CMakeFiles/picow-hello-flash.dir/home/alanvel/.pico-sdk/sdk/2.1.1/src/rp2_common/pico_unique_id/unique_id.c.o
 .debug_info    0x0001d1e4     0x12f4 CMakeFiles/picow-hello-flash.dir/home/alanvel/.pico-sdk/sdk/2.1.1/src/rp2_common/hardware_flash/flash.c.o

.debug_abbrev   0x00000000     0x571b
 .debug_abbrev  0x00000000      0x24c CMakeFiles/picow-hello-flash.dir/picow-hello-flash.c.o
 .debug_abbrev  0x0000024c      0x50e CMakeFiles/picow-hello-flash.dir/home/alanvel/.pico-sdk/sdk/2.1.1/src/rp2_common/hardware_gpio/gpio.c.o
 .debug_abbrev  0x0000075a      0x12b CMakeFiles/picow-hello-flash.dir/home/alanvel/.pico-sdk/sdk/2.1.1/src/rp2_common/pico_platform_panic/panic.c.o
 .debug_abbrev  0x00000885      0x328 CMakeFiles/picow-hello-flash.dir/home/alanvel/.pico-sdk/sdk/2.1.1/src/common/hardware_claim/claim.c.o
 .debug_abbrev  0x00000bad      0x20f CMakeFiles/picow-hello-flash.dir/home/alanvel/.pico-sdk/sdk/2.1.1/src/rp2_common/hardware_sync/sync.c.o
 .debug_abbrev  0x00000dbc      0x1bb CMakeFiles/picow-hello-flash.dir/home/alanvel/.pico-sdk/sdk/2.1.1/src/rp2_common/hardware_sync_spin_lock/sync_spin_lock.c.o
 .debug_abbrev  0x00000f77      0x614 CMakeFiles/picow-hello-flash.dir/home/alanvel/.pico-sdk/sdk/2.1.1/src/rp2_common/hardware_irq/irq.c.o
 .debug_abbrev  0x0000158b       0xee CMakeFiles/picow-hello-flash.dir/home/alanvel/.pico-sdk/sdk/2.1.1/src/common/pico_sync/lock_core.c.o
 .debug_abbrev  0x00001679      0x48c CMakeFiles/picow-hello-flash.dir/home/alanvel/.pico-sdk/sdk/2.1.1/src/common/pico_sync/mutex.c.o
 .debug_abbrev  0x00001b05      0x659 CMakeFiles/picow-hello-flash.dir/home/alanvel/.pico-sdk/sdk/2.1.1/src/common/pico_time/time.c.o
 .debug_abbrev  0x0000215e      0x4f2 CMakeFiles/picow-hello-flash.dir/home/alanvel/.pico-sdk/sdk/2.1.1/src/rp2_common/hardware_timer/timer.c.o
 .debug_abbrev  0x00002650      0x365 CMakeFiles/picow-hello-flash.dir/home/alanvel/.pico-sdk/sdk/2.1.1/src/rp2_common/hardware_uart/uart.c.o
 .debug_abbrev  0x000029b5      0x4eb CMakeFiles/picow-hello-flash.dir/home/alanvel/.pico-sdk/sdk/2.1.1/src/rp2_common/hardware_clocks/clocks.c.o
 .debug_abbrev  0x00002ea0      0x1d2 CMakeFiles/picow-hello-flash.dir/home/alanvel/.pico-sdk/sdk/2.1.1/src/rp2_common/hardware_pll/pll.c.o
 .debug_abbrev  0x00003072      0x145 CMakeFiles/picow-hello-flash.dir/home/alanvel/.pico-sdk/sdk/2.1.1/src/rp2_common/hardware_ticks/ticks.c.o
 .debug_abbrev  0x000031b7      0x1bc CMakeFiles/picow-hello-flash.dir/home/alanvel/.pico-sdk/sdk/2.1.1/src/rp2_common/pico_bootrom/bootrom.c.o
 .debug_abbrev  0x00003373      0x11d CMakeFiles/picow-hello-flash.dir/home/alanvel/.pico-sdk/sdk/2.1.1/src/rp2_common/hardware_xosc/xosc.c.o
 .debug_abbrev  0x00003490      0x182 CMakeFiles/picow-hello-flash.dir/home/alanvel/.pico-sdk/sdk/2.1.1/src/rp2_common/pico_runtime/runtime.c.o
 .debug_abbrev  0x00003612      0x222 CMakeFiles/picow-hello-flash.dir/home/alanvel/.pico-sdk/sdk/2.1.1/src/rp2_common/pico_runtime_init/runtime_init.c.o
 .debug_abbrev  0x00003834      0x2af CMakeFiles/picow-hello-flash.dir/home/alanvel/.pico-sdk/sdk/2.1.1/src/rp2_common/pico_runtime_init/runtime_init_clocks.c.o
 .debug_abbrev  0x00003ae3       0x12 CMakeFiles/picow-hello-flash.dir/home/alanvel/.pico-sdk/sdk/2.1.1/src/rp2_common/pico_bit_ops/bit_ops_aeabi.S.o
 .debug_abbrev  0x00003af5       0x12 CMakeFiles/picow-hello-flash.dir/home/alanvel/.pico-sdk/sdk/2.1.1/src/rp2_common/pico_divider/divider_hardware.S.o
 .debug_abbrev  0x00003b07       0x12 CMakeFiles/picow-hello-flash.dir/home/alanvel/.pico-sdk/sdk/2.1.1/src/rp2_common/pico_double/double_aeabi_rp2040.S.o
 .debug_abbrev  0x00003b19      0x1bb CMakeFiles/picow-hello-flash.dir/home/alanvel/.pico-sdk/sdk/2.1.1/src/rp2_common/pico_double/double_init_rom_rp2040.c.o
 .debug_abbrev  0x00003cd4       0x14 CMakeFiles/picow-hello-flash.dir/home/alanvel/.pico-sdk/sdk/2.1.1/src/rp2_common/pico_double/double_v1_rom_shim_rp2040.S.o
 .debug_abbrev  0x00003ce8       0x14 CMakeFiles/picow-hello-flash.dir/home/alanvel/.pico-sdk/sdk/2.1.1/src/rp2_common/pico_int64_ops/pico_int64_ops_aeabi.S.o
 .debug_abbrev  0x00003cfc       0x12 CMakeFiles/picow-hello-flash.dir/home/alanvel/.pico-sdk/sdk/2.1.1/src/rp2_common/pico_float/float_aeabi_rp2040.S.o
 .debug_abbrev  0x00003d0e      0x19e CMakeFiles/picow-hello-flash.dir/home/alanvel/.pico-sdk/sdk/2.1.1/src/rp2_common/pico_float/float_init_rom_rp2040.c.o
 .debug_abbrev  0x00003eac       0x12 CMakeFiles/picow-hello-flash.dir/home/alanvel/.pico-sdk/sdk/2.1.1/src/rp2_common/pico_mem_ops/mem_ops_aeabi.S.o
 .debug_abbrev  0x00003ebe       0xb8 CMakeFiles/picow-hello-flash.dir/home/alanvel/.pico-sdk/sdk/2.1.1/src/rp2_common/pico_standard_binary_info/standard_binary_info.c.o
 .debug_abbrev  0x00003f76      0x50c CMakeFiles/picow-hello-flash.dir/home/alanvel/.pico-sdk/sdk/2.1.1/src/rp2_common/pico_printf/printf.c.o
 .debug_abbrev  0x00004482       0x12 CMakeFiles/picow-hello-flash.dir/home/alanvel/.pico-sdk/sdk/2.1.1/src/rp2_common/pico_crt0/crt0.S.o
 .debug_abbrev  0x00004494      0x352 CMakeFiles/picow-hello-flash.dir/home/alanvel/.pico-sdk/sdk/2.1.1/src/rp2_common/pico_clib_interface/newlib_interface.c.o
 .debug_abbrev  0x000047e6      0x5d9 CMakeFiles/picow-hello-flash.dir/home/alanvel/.pico-sdk/sdk/2.1.1/src/rp2_common/pico_stdio/stdio.c.o
 .debug_abbrev  0x00004dbf      0x498 CMakeFiles/picow-hello-flash.dir/home/alanvel/.pico-sdk/sdk/2.1.1/src/rp2_common/pico_stdio_uart/stdio_uart.c.o
 .debug_abbrev  0x00005257      0x153 CMakeFiles/picow-hello-flash.dir/home/alanvel/.pico-sdk/sdk/2.1.1/src/rp2_common/pico_unique_id/unique_id.c.o
 .debug_abbrev  0x000053aa      0x371 CMakeFiles/picow-hello-flash.dir/home/alanvel/.pico-sdk/sdk/2.1.1/src/rp2_common/hardware_flash/flash.c.o

.debug_loclists
                0x00000000    0x11c13
 .debug_loclists
                0x00000000       0x75 CMakeFiles/picow-hello-flash.dir/picow-hello-flash.c.o
 .debug_loclists
                0x00000075     0x1ac0 CMakeFiles/picow-hello-flash.dir/home/alanvel/.pico-sdk/sdk/2.1.1/src/rp2_common/hardware_gpio/gpio.c.o
 .debug_loclists
                0x00001b35      0x349 CMakeFiles/picow-hello-flash.dir/home/alanvel/.pico-sdk/sdk/2.1.1/src/common/hardware_claim/claim.c.o
 .debug_loclists
                0x00001e7e      0x108 CMakeFiles/picow-hello-flash.dir/home/alanvel/.pico-sdk/sdk/2.1.1/src/rp2_common/hardware_sync/sync.c.o
 .debug_loclists
                0x00001f86       0x7d CMakeFiles/picow-hello-flash.dir/home/alanvel/.pico-sdk/sdk/2.1.1/src/rp2_common/hardware_sync_spin_lock/sync_spin_lock.c.o
 .debug_loclists
                0x00002003     0x11ed CMakeFiles/picow-hello-flash.dir/home/alanvel/.pico-sdk/sdk/2.1.1/src/rp2_common/hardware_irq/irq.c.o
 .debug_loclists
                0x000031f0       0x41 CMakeFiles/picow-hello-flash.dir/home/alanvel/.pico-sdk/sdk/2.1.1/src/common/pico_sync/lock_core.c.o
 .debug_loclists
                0x00003231      0xaec CMakeFiles/picow-hello-flash.dir/home/alanvel/.pico-sdk/sdk/2.1.1/src/common/pico_sync/mutex.c.o
 .debug_loclists
                0x00003d1d     0x27d7 CMakeFiles/picow-hello-flash.dir/home/alanvel/.pico-sdk/sdk/2.1.1/src/common/pico_time/time.c.o
 .debug_loclists
                0x000064f4     0x19f6 CMakeFiles/picow-hello-flash.dir/home/alanvel/.pico-sdk/sdk/2.1.1/src/rp2_common/hardware_timer/timer.c.o
 .debug_loclists
                0x00007eea      0xc90 CMakeFiles/picow-hello-flash.dir/home/alanvel/.pico-sdk/sdk/2.1.1/src/rp2_common/hardware_uart/uart.c.o
 .debug_loclists
                0x00008b7a     0x2b6f CMakeFiles/picow-hello-flash.dir/home/alanvel/.pico-sdk/sdk/2.1.1/src/rp2_common/hardware_clocks/clocks.c.o
 .debug_loclists
                0x0000b6e9      0x1e0 CMakeFiles/picow-hello-flash.dir/home/alanvel/.pico-sdk/sdk/2.1.1/src/rp2_common/hardware_pll/pll.c.o
 .debug_loclists
                0x0000b8c9       0x47 CMakeFiles/picow-hello-flash.dir/home/alanvel/.pico-sdk/sdk/2.1.1/src/rp2_common/hardware_ticks/ticks.c.o
 .debug_loclists
                0x0000b910      0x351 CMakeFiles/picow-hello-flash.dir/home/alanvel/.pico-sdk/sdk/2.1.1/src/rp2_common/pico_bootrom/bootrom.c.o
 .debug_loclists
                0x0000bc61       0x48 CMakeFiles/picow-hello-flash.dir/home/alanvel/.pico-sdk/sdk/2.1.1/src/rp2_common/hardware_xosc/xosc.c.o
 .debug_loclists
                0x0000bca9       0x7e CMakeFiles/picow-hello-flash.dir/home/alanvel/.pico-sdk/sdk/2.1.1/src/rp2_common/pico_runtime/runtime.c.o
 .debug_loclists
                0x0000bd27       0xba CMakeFiles/picow-hello-flash.dir/home/alanvel/.pico-sdk/sdk/2.1.1/src/rp2_common/pico_runtime_init/runtime_init.c.o
 .debug_loclists
                0x0000bde1       0x74 CMakeFiles/picow-hello-flash.dir/home/alanvel/.pico-sdk/sdk/2.1.1/src/rp2_common/pico_runtime_init/runtime_init_clocks.c.o
 .debug_loclists
                0x0000be55       0x35 CMakeFiles/picow-hello-flash.dir/home/alanvel/.pico-sdk/sdk/2.1.1/src/rp2_common/pico_double/double_init_rom_rp2040.c.o
 .debug_loclists
                0x0000be8a       0x4e CMakeFiles/picow-hello-flash.dir/home/alanvel/.pico-sdk/sdk/2.1.1/src/rp2_common/pico_float/float_init_rom_rp2040.c.o
 .debug_loclists
                0x0000bed8     0x355f CMakeFiles/picow-hello-flash.dir/home/alanvel/.pico-sdk/sdk/2.1.1/src/rp2_common/pico_printf/printf.c.o
 .debug_loclists
                0x0000f437      0x431 CMakeFiles/picow-hello-flash.dir/home/alanvel/.pico-sdk/sdk/2.1.1/src/rp2_common/pico_clib_interface/newlib_interface.c.o
 .debug_loclists
                0x0000f868      0xf51 CMakeFiles/picow-hello-flash.dir/home/alanvel/.pico-sdk/sdk/2.1.1/src/rp2_common/pico_stdio/stdio.c.o
 .debug_loclists
                0x000107b9      0x75b CMakeFiles/picow-hello-flash.dir/home/alanvel/.pico-sdk/sdk/2.1.1/src/rp2_common/pico_stdio_uart/stdio_uart.c.o
 .debug_loclists
                0x00010f14      0x3d5 CMakeFiles/picow-hello-flash.dir/home/alanvel/.pico-sdk/sdk/2.1.1/src/rp2_common/pico_unique_id/unique_id.c.o
 .debug_loclists
                0x000112e9      0x92a CMakeFiles/picow-hello-flash.dir/home/alanvel/.pico-sdk/sdk/2.1.1/src/rp2_common/hardware_flash/flash.c.o

.debug_aranges  0x00000000      0xef8
 .debug_aranges
                0x00000000       0x30 CMakeFiles/picow-hello-flash.dir/picow-hello-flash.c.o
 .debug_aranges
                0x00000030      0x120 CMakeFiles/picow-hello-flash.dir/home/alanvel/.pico-sdk/sdk/2.1.1/src/rp2_common/hardware_gpio/gpio.c.o
 .debug_aranges
                0x00000150       0x28 CMakeFiles/picow-hello-flash.dir/home/alanvel/.pico-sdk/sdk/2.1.1/src/rp2_common/pico_platform_panic/panic.c.o
 .debug_aranges
                0x00000178       0x48 CMakeFiles/picow-hello-flash.dir/home/alanvel/.pico-sdk/sdk/2.1.1/src/common/hardware_claim/claim.c.o
 .debug_aranges
                0x000001c0       0x48 CMakeFiles/picow-hello-flash.dir/home/alanvel/.pico-sdk/sdk/2.1.1/src/rp2_common/hardware_sync/sync.c.o
 .debug_aranges
                0x00000208       0x28 CMakeFiles/picow-hello-flash.dir/home/alanvel/.pico-sdk/sdk/2.1.1/src/rp2_common/hardware_sync_spin_lock/sync_spin_lock.c.o
 .debug_aranges
                0x00000230       0xb8 CMakeFiles/picow-hello-flash.dir/home/alanvel/.pico-sdk/sdk/2.1.1/src/rp2_common/hardware_irq/irq.c.o
 .debug_aranges
                0x000002e8       0x20 CMakeFiles/picow-hello-flash.dir/home/alanvel/.pico-sdk/sdk/2.1.1/src/common/pico_sync/lock_core.c.o
 .debug_aranges
                0x00000308       0x98 CMakeFiles/picow-hello-flash.dir/home/alanvel/.pico-sdk/sdk/2.1.1/src/common/pico_sync/mutex.c.o